Archive member included to satisfy reference by file (symbol)

app/libapp.a(main.c.obj)      (--whole-archive)
app/libapp.a(lora_driver.c.obj)
                              (--whole-archive)
app/libapp.a(gpio_config.c.obj)
                              (--whole-archive)
zephyr/libzephyr.a(cbprintf_packaged.c.obj)
                              (--whole-archive)
zephyr/libzephyr.a(dec.c.obj)
                              (--whole-archive)
zephyr/libzephyr.a(fdtable.c.obj)
                              (--whole-archive)
zephyr/libzephyr.a(hex.c.obj)
                              (--whole-archive)
zephyr/libzephyr.a(printk.c.obj)
                              (--whole-archive)
zephyr/libzephyr.a(rb.c.obj)  (--whole-archive)
zephyr/libzephyr.a(sem.c.obj)
                              (--whole-archive)
zephyr/libzephyr.a(thread_entry.c.obj)
                              (--whole-archive)
zephyr/libzephyr.a(timeutil.c.obj)
                              (--whole-archive)
zephyr/libzephyr.a(heap.c.obj)
                              (--whole-archive)
zephyr/libzephyr.a(heap-validate.c.obj)
                              (--whole-archive)
zephyr/libzephyr.a(bitarray.c.obj)
                              (--whole-archive)
zephyr/libzephyr.a(multi_heap.c.obj)
                              (--whole-archive)
zephyr/libzephyr.a(onoff.c.obj)
                              (--whole-archive)
zephyr/libzephyr.a(notify.c.obj)
                              (--whole-archive)
zephyr/libzephyr.a(cbprintf_complete.c.obj)
                              (--whole-archive)
zephyr/libzephyr.a(assert.c.obj)
                              (--whole-archive)
zephyr/libzephyr.a(mpsc_pbuf.c.obj)
                              (--whole-archive)
zephyr/libzephyr.a(reboot.c.obj)
                              (--whole-archive)
zephyr/libzephyr.a(configs.c.obj)
                              (--whole-archive)
zephyr/libzephyr.a(soc_nrf_common.S.obj)
                              (--whole-archive)
zephyr/libzephyr.a(validate_base_addresses.c.obj)
                              (--whole-archive)
zephyr/libzephyr.a(validate_enabled_instances.c.obj)
                              (--whole-archive)
zephyr/libzephyr.a(thread_info.c.obj)
                              (--whole-archive)
zephyr/libzephyr.a(log_core.c.obj)
                              (--whole-archive)
zephyr/libzephyr.a(log_mgmt.c.obj)
                              (--whole-archive)
zephyr/libzephyr.a(log_cache.c.obj)
                              (--whole-archive)
zephyr/libzephyr.a(log_msg.c.obj)
                              (--whole-archive)
zephyr/libzephyr.a(log_output.c.obj)
                              (--whole-archive)
zephyr/libzephyr.a(log_backend_rtt.c.obj)
                              (--whole-archive)
zephyr/libzephyr.a(log_backend_uart.c.obj)
                              (--whole-archive)
zephyr/libzephyr.a(tracing_none.c.obj)
                              (--whole-archive)
zephyr/libzephyr.a(nrf_cc3xx_platform_abort_zephyr.c.obj)
                              (--whole-archive)
zephyr/libzephyr.a(nrf_cc3xx_platform_mutex_zephyr.c.obj)
                              (--whole-archive)
zephyr/arch/common/libarch__common.a(sw_isr_common.c.obj)
                              (--whole-archive)
zephyr/arch/arch/arm/core/aarch32/libarch__arm__core__aarch32.a(cpu_idle.S.obj)
                              (--whole-archive)
zephyr/arch/arch/arm/core/aarch32/libarch__arm__core__aarch32.a(fatal.c.obj)
                              (--whole-archive)
zephyr/arch/arch/arm/core/aarch32/libarch__arm__core__aarch32.a(irq_manage.c.obj)
                              (--whole-archive)
zephyr/arch/arch/arm/core/aarch32/libarch__arm__core__aarch32.a(nmi.c.obj)
                              (--whole-archive)
zephyr/arch/arch/arm/core/aarch32/libarch__arm__core__aarch32.a(nmi_on_reset.S.obj)
                              (--whole-archive)
zephyr/arch/arch/arm/core/aarch32/libarch__arm__core__aarch32.a(prep_c.c.obj)
                              (--whole-archive)
zephyr/arch/arch/arm/core/aarch32/libarch__arm__core__aarch32.a(swap.c.obj)
                              (--whole-archive)
zephyr/arch/arch/arm/core/aarch32/libarch__arm__core__aarch32.a(swap_helper.S.obj)
                              (--whole-archive)
zephyr/arch/arch/arm/core/aarch32/libarch__arm__core__aarch32.a(thread.c.obj)
                              (--whole-archive)
zephyr/arch/arch/arm/core/aarch32/libarch__arm__core__aarch32.a(isr_wrapper.S.obj)
                              (--whole-archive)
zephyr/arch/arch/arm/core/aarch32/libarch__arm__core__aarch32.a(tls.c.obj)
                              (--whole-archive)
zephyr/arch/arch/arm/core/aarch32/cortex_m/libarch__arm__core__aarch32__cortex_m.a(exc_exit.S.obj)
                              (--whole-archive)
zephyr/arch/arch/arm/core/aarch32/cortex_m/libarch__arm__core__aarch32__cortex_m.a(fault.c.obj)
                              (--whole-archive)
[...]
Memory Configuration

Name             Origin             Length             Attributes
FLASH            0x0000000000000000 0x0000000000100000 xr
RAM              0x0000000020000000 0x0000000000040000 xw
IDT_LIST         0x00000000fffff7ff 0x0000000000000800 xw
*default*        0x0000000000000000 0xffffffffffffffff

Linker script and memory map

                0x000000000000a18c                vfprintf = __i_vfprintf
                0x0000000000000000                vfscanf = __i_vfscanf
LOAD zephyr/CMakeFiles/zephyr_final.dir/misc/empty_file.c.obj
LOAD zephyr/CMakeFiles/zephyr_final.dir/isr_tables.c.obj
LOAD app/libapp.a
LOAD zephyr/libzephyr.a
LOAD zephyr/arch/common/libarch__common.a
LOAD zephyr/arch/arch/arm/core/aarch32/libarch__arm__core__aarch32.a
LOAD zephyr/arch/arch/arm/core/aarch32/cortex_m/libarch__arm__core__aarch32__cortex_m.a
LOAD zephyr/arch/arch/arm/core/aarch32/mpu/libarch__arm__core__aarch32__mpu.a
LOAD zephyr/lib/libc/picolibc/liblib__libc__picolibc.a
LOAD zephyr/lib/libc/common/liblib__libc__common.a
LOAD zephyr/soc/soc/arm/common/cortex_m/libsoc__arm__common__cortex_m.a
LOAD zephyr/soc/soc/arm/nordic_nrf/nrf52/libsoc__arm__nordic_nrf__nrf52.a
LOAD zephyr/drivers/clock_control/libdrivers__clock_control.a
LOAD zephyr/drivers/console/libdrivers__console.a
LOAD zephyr/drivers/gpio/libdrivers__gpio.a
LOAD zephyr/drivers/pinctrl/libdrivers__pinctrl.a
LOAD zephyr/drivers/serial/libdrivers__serial.a
LOAD zephyr/drivers/spi/libdrivers__spi.a
LOAD zephyr/drivers/timer/libdrivers__timer.a
LOAD modules/nrf/lib/fatal_error/lib..__nrf__lib__fatal_error.a
LOAD modules/nrf/drivers/hw_cc310/lib..__nrf__drivers__hw_cc310.a
LOAD modules/hal_nordic/nrfx/libmodules__hal_nordic__nrfx.a
LOAD modules/segger/libmodules__segger.a
LOAD zephyr/kernel/libkernel.a
LOAD zephyr/CMakeFiles/offsets.dir/./arch/arm/core/offsets/offsets.c.obj
LOAD c:/ncs/toolchains/c57af46cb7/opt/zephyr-sdk/arm-zephyr-eabi/bin/../lib/gcc/arm-zephyr-eabi/12.2.0/thumb/v7e-m/nofp\libgcc.a
LOAD zephyr/arch/common/libisr_tables.a
LOAD C:/ncs/v2.5.2/nrfxlib/crypto/nrf_cc310_platform/lib/cortex-m4/soft-float/no-interrupts/libnrf_cc310_platform_0.9.18.a
LOAD c:\ncs\toolchains\c57af46cb7\opt\zephyr-sdk\arm-zephyr-eabi\bin\../lib/gcc/../../picolibc/arm-zephyr-eabi/lib/thumb/v7e-m/nofp\libc.a
LOAD c:/ncs/toolchains/c57af46cb7/opt/zephyr-sdk/arm-zephyr-eabi/bin/../lib/gcc/arm-zephyr-eabi/12.2.0/thumb/v7e-m/nofp\libgcc.a
                0x0000000000000020                _region_min_align = 0x20

.rel.plt        0x0000000000000000        0x0
 *(SORT_BY_ALIGNMENT(.rel.plt))
                [!provide]                        PROVIDE (__rel_iplt_start = .)
 *(SORT_BY_ALIGNMENT(.rel.iplt))
 .rel.iplt      0x0000000000000000        0x0 zephyr/CMakeFiles/zephyr_final.dir/isr_tables.c.obj
                [!provide]                        PROVIDE (__rel_iplt_end = .)

.rela.plt       0x0000000000000000        0x0
 *(SORT_BY_ALIGNMENT(.rela.plt))
                [!provide]                        PROVIDE (__rela_iplt_start = .)
 *(SORT_BY_ALIGNMENT(.rela.iplt))
                [!provide]                        PROVIDE (__rela_iplt_end = .)

.rel.dyn
 *(SORT_BY_ALIGNMENT(.rel.*))

.rela.dyn
 *(SORT_BY_ALIGNMENT(.rela.*))

/DISCARD/
 *(SORT_BY_ALIGNMENT(.plt))

/DISCARD/
 *(SORT_BY_ALIGNMENT(.iplt))
                0x0000000000000000                __rom_region_start = 0x0

rom_start       0x0000000000000000      0x100
                0x0000000000000000                __rom_start_address = .
                0x0000000000000000                . = (. + (0x0 - (. - __rom_start_address)))
                0x0000000000000000                . = ALIGN (0x4)
                0x0000000000000000                . = ALIGN (0x80)
                0x0000000000000000                . = ALIGN (0x100)
                0x0000000000000000                _vector_start = .
 *(SORT_BY_ALIGNMENT(.exc_vector_table))
 *(SORT_BY_ALIGNMENT(.exc_vector_table.*))
 .exc_vector_table._vector_table_section
                0x0000000000000000       0x40 zephyr/arch/arch/arm/core/aarch32/cortex_m/libarch__arm__core__aarch32__cortex_m.a(vector_table.S.obj)
                0x0000000000000000                _vector_table
 *(SORT_BY_ALIGNMENT(.vectors))
                0x0000000000000100                _vector_end = .
                0x0000000000000040                . = ALIGN (0x4)
 *(SORT_BY_ALIGNMENT(.gnu.linkonce.irq_vector_table*))
 .gnu.linkonce.irq_vector_table
                0x0000000000000040       0xc0 zephyr/CMakeFiles/zephyr_final.dir/isr_tables.c.obj
                0x0000000000000040                _irq_vector_table
                0x0000000000000100                _vector_end = .

text            0x0000000000000100     0xcff4
                0x0000000000000100                __text_region_start = .
 *(SORT_BY_ALIGNMENT(.text))
 .text          0x0000000000000100      0x26c modules/segger/libmodules__segger.a(JLINK_MONITOR_ISR_SES.s.obj)
                0x0000000000000110                z_arm_debug_monitor
 .text          0x000000000000036c       0x30 c:/ncs/toolchains/c57af46cb7/opt/zephyr-sdk/arm-zephyr-eabi/bin/../lib/gcc/arm-zephyr-eabi/12.2.0/thumb/v7e-m/nofp\libgcc.a(_aeabi_uldivmod.o)
                0x000000000000036c                __aeabi_uldivmod
 .text          0x000000000000039c        0x4 c:/ncs/toolchains/c57af46cb7/opt/zephyr-sdk/arm-zephyr-eabi/bin/../lib/gcc/arm-zephyr-eabi/12.2.0/thumb/v7e-m/nofp\libgcc.a(_dvmd_tls.o)
                0x000000000000039c                __aeabi_idiv0
                0x000000000000039c                __aeabi_ldiv0
 .text          0x00000000000003a0      0x2a0 c:/ncs/toolchains/c57af46cb7/opt/zephyr-sdk/arm-zephyr-eabi/bin/../lib/gcc/arm-zephyr-eabi/12.2.0/thumb/v7e-m/nofp\libgcc.a(_udivmoddi4.o)
                0x00000000000003a0                __udivmoddi4
 .text          0x0000000000000640       0x10 c:\ncs\toolchains\c57af46cb7\opt\zephyr-sdk\arm-zephyr-eabi\bin\../lib/gcc/../../picolibc/arm-zephyr-eabi/lib/thumb/v7e-m/nofp\libc.a(strlen.S.o)
                0x0000000000000640                strlen
 *(SORT_BY_ALIGNMENT(.text.*))
 .text.main     0x0000000000000650      0x4c0 app/libapp.a(main.c.obj)
                0x0000000000000650                main
 .text.sx126x_reset
                0x0000000000000b10       0xe0 app/libapp.a(lora_driver.c.obj)
                0x0000000000000b10                sx126x_reset
 .text.sx1262_spi_comm_init
                0x0000000000000bf0       0xcc app/libapp.a(lora_driver.c.obj)
                0x0000000000000bf0                sx1262_spi_comm_init
 .text.sx126x_busyCheck
                0x0000000000000cbc       0x2c app/libapp.a(lora_driver.c.obj)
                0x0000000000000cbc                sx126x_busyCheck
 .text.lora_write_val
                0x0000000000000ce8       0xcc app/libapp.a(lora_driver.c.obj)
                0x0000000000000ce8                lora_write_val
 .text.sx126x_write_register
                0x0000000000000db4      0x1b0 app/libapp.a(lora_driver.c.obj)
                0x0000000000000db4                sx126x_write_register
 .text.lora_read_val
                0x0000000000000f64       0xe0 app/libapp.a(lora_driver.c.obj)
                0x0000000000000f64                lora_read_val
 .text.sx126x_read_register
                0x0000000000001044      0x1b8 app/libapp.a(lora_driver.c.obj)
                0x0000000000001044                sx126x_read_register
 .text.sx126x_writeBuffer
                0x00000000000011fc       0xa0 app/libapp.a(lora_driver.c.obj)
                0x00000000000011fc                sx126x_writeBuffer
 .text.sx126x_getStatus
                0x000000000000129c      0x14c app/libapp.a(lora_driver.c.obj)
                0x000000000000129c                sx126x_getStatus
 .text.sx126x_setStandby
                0x00000000000013e8       0x9c app/libapp.a(lora_driver.c.obj)
                0x00000000000013e8                sx126x_setStandby
 .text.sx126x_setTx
                0x0000000000001484       0xa8 app/libapp.a(lora_driver.c.obj)
                0x0000000000001484                sx126x_setTx
 .text.sx126x_calibrate
                0x000000000000152c       0x9c app/libapp.a(lora_driver.c.obj)
                0x000000000000152c                sx126x_calibrate
 .text.sx126x_calibrateImage
                0x00000000000015c8       0xa0 app/libapp.a(lora_driver.c.obj)
                0x00000000000015c8                sx126x_calibrateImage
 .text.sx126x_setPaConfig
                0x0000000000001668       0xa4 app/libapp.a(lora_driver.c.obj)
                0x0000000000001668                sx126x_setPaConfig
 .text.sx126x_getIrqStatus
                0x000000000000170c       0xa8 app/libapp.a(lora_driver.c.obj)
                0x000000000000170c                sx126x_getIrqStatus
 .text.sx126x_clearIrqStatus
                0x00000000000017b4       0xa4 app/libapp.a(lora_driver.c.obj)
                0x00000000000017b4                sx126x_clearIrqStatus
 .text.sx126x_setRfFrequency
                0x0000000000001858       0xac app/libapp.a(lora_driver.c.obj)
                0x0000000000001858                sx126x_setRfFrequency
 .text.sx126x_setPacketType
                0x0000000000001904       0x9c app/libapp.a(lora_driver.c.obj)
                0x0000000000001904                sx126x_setPacketType
 .text.sx126x_begin
                0x00000000000019a0       0x38 app/libapp.a(lora_driver.c.obj)
                0x00000000000019a0                sx126x_begin
 .text.sx126x_getPacketType
                0x00000000000019d8       0xa0 app/libapp.a(lora_driver.c.obj)
                0x00000000000019d8                sx126x_getPacketType
 .text.sx126x_fixLoRaBw500
                0x0000000000001a78       0x54 app/libapp.a(lora_driver.c.obj)
                0x0000000000001a78                sx126x_fixLoRaBw500
 .text.sx126x_setTxParams
                0x0000000000001acc       0xa0 app/libapp.a(lora_driver.c.obj)
                0x0000000000001acc                sx126x_setTxParams
 .text.sx126x_setModulationParamsLoRa
                0x0000000000001b6c       0xb8 app/libapp.a(lora_driver.c.obj)
                0x0000000000001b6c                sx126x_setModulationParamsLoRa
 .text.sx126x_setPacketParamsLoRa
                0x0000000000001c24       0xcc app/libapp.a(lora_driver.c.obj)
                0x0000000000001c24                sx126x_setPacketParamsLoRa
 .text.sx126x_setBufferBaseAddress
                0x0000000000001cf0       0xa0 app/libapp.a(lora_driver.c.obj)
                0x0000000000001cf0                sx126x_setBufferBaseAddress
 .text.sx126x_getRxBufferStatus
                0x0000000000001d90       0xa8 app/libapp.a(lora_driver.c.obj)
                0x0000000000001d90                sx126x_getRxBufferStatus
 .text.sx126x_setFrequency
                0x0000000000001e38       0xa4 app/libapp.a(lora_driver.c.obj)
                0x0000000000001e38                sx126x_setFrequency
 .text.sx126x_setLoRaModulation
                0x0000000000001edc       0xb4 app/libapp.a(lora_driver.c.obj)
                0x0000000000001edc                sx126x_setLoRaModulation
 .text.sx126x_setLoRaPacket
                0x0000000000001f90       0x54 app/libapp.a(lora_driver.c.obj)
                0x0000000000001f90                sx126x_setLoRaPacket
 .text.sx126x_setSyncWord
                0x0000000000001fe4       0x90 app/libapp.a(lora_driver.c.obj)
                0x0000000000001fe4                sx126x_setSyncWord
 .text.sx126x_beginPacket
                0x0000000000002074       0x2c app/libapp.a(lora_driver.c.obj)
                0x0000000000002074                sx126x_beginPacket
 .text.sx126x_endPacket
                0x00000000000020a0       0x74 app/libapp.a(lora_driver.c.obj)
                0x00000000000020a0                sx126x_endPacket
 .text.sx126x_write_char
                0x0000000000002114       0x28 app/libapp.a(lora_driver.c.obj)
                0x0000000000002114                sx126x_write_char
 .text.sx126x_write
                0x000000000000213c       0x30 app/libapp.a(lora_driver.c.obj)
                0x000000000000213c                sx126x_write
 .text.sx126x_wait
                0x000000000000216c       0xb8 app/libapp.a(lora_driver.c.obj)
                0x000000000000216c                sx126x_wait
 .text.sx126x_status
                0x0000000000002224       0x38 app/libapp.a(lora_driver.c.obj)
                0x0000000000002224                sx126x_status
 .text.sx126x_transmitTime
                0x000000000000225c        0xc app/libapp.a(lora_driver.c.obj)
                0x000000000000225c                sx126x_transmitTime
 .text.gpio_init
                0x0000000000002268      0x25c app/libapp.a(gpio_config.c.obj)
                0x0000000000002268                gpio_init
 .text.cbvprintf_package
                0x00000000000024c4      0x4b8 zephyr/libzephyr.a(cbprintf_packaged.c.obj)
                0x00000000000024c4                cbvprintf_package
 .text.cbprintf_package_convert
                0x000000000000297c      0x4cc zephyr/libzephyr.a(cbprintf_packaged.c.obj)
                0x000000000000297c                cbprintf_package_convert
 .text.__printk_hook_install
                0x0000000000002e48        0xc zephyr/libzephyr.a(printk.c.obj)
                0x0000000000002e48                __printk_hook_install
 .text.z_thread_entry
                0x0000000000002e54       0x34 zephyr/libzephyr.a(thread_entry.c.obj)
                0x0000000000002e54                z_thread_entry
 .text.process_event
                0x0000000000002e88      0x16c zephyr/libzephyr.a(onoff.c.obj)
 .text.sys_reboot
                0x0000000000002ff4       0x30 zephyr/libzephyr.a(reboot.c.obj)
                0x0000000000002ff4                sys_reboot
 .text.z_arm_platform_init
                0x0000000000003024        0x4 zephyr/libzephyr.a(soc_nrf_common.S.obj)
                0x0000000000003024                z_arm_platform_init
 .text.msg_process
                0x0000000000003028       0x3c zephyr/libzephyr.a(log_core.c.obj)
 .text.log_backend_notify_all
                0x0000000000003064       0x30 zephyr/libzephyr.a(log_core.c.obj)
 .text.activate_foreach_backend
                0x0000000000003094       0x64 zephyr/libzephyr.a(log_core.c.obj)
 .text.z_log_init
                0x00000000000030f8       0x98 zephyr/libzephyr.a(log_core.c.obj)
 .text.thread_set
                0x0000000000003190       0x28 zephyr/libzephyr.a(log_core.c.obj)
 .text.log_process_thread_timer_expiry_fn
                0x00000000000031b8       0x10 zephyr/libzephyr.a(log_core.c.obj)
 .text.enable_logger
                0x00000000000031c8       0x5c zephyr/libzephyr.a(log_core.c.obj)
 .text.log_format_func_t_get
                0x0000000000003224        0xc zephyr/libzephyr.a(log_core.c.obj)
                0x0000000000003224                log_format_func_t_get
 .text.log_set_timestamp_func
                0x0000000000003230       0x24 zephyr/libzephyr.a(log_core.c.obj)
                0x0000000000003230                log_set_timestamp_func
 .text.z_log_notify_backend_enabled
                0x0000000000003254       0x20 zephyr/libzephyr.a(log_core.c.obj)
                0x0000000000003254                z_log_notify_backend_enabled
 .text.z_log_dropped
                0x0000000000003274       0x40 zephyr/libzephyr.a(log_core.c.obj)
                0x0000000000003274                z_log_dropped
 .text.z_log_dropped_read_and_clear
                0x00000000000032b4       0x20 zephyr/libzephyr.a(log_core.c.obj)
                0x00000000000032b4                z_log_dropped_read_and_clear
 .text.dropped_notify
                0x00000000000032d4       0x38 zephyr/libzephyr.a(log_core.c.obj)
                0x00000000000032d4                dropped_notify
 .text.z_log_dropped_pending
                0x000000000000330c       0x14 zephyr/libzephyr.a(log_core.c.obj)
                0x000000000000330c                z_log_dropped_pending
 .text.z_log_msg_init
                0x0000000000003320       0x20 zephyr/libzephyr.a(log_core.c.obj)
                0x0000000000003320                z_log_msg_init
 .text.log_core_init
                0x0000000000003340       0x30 zephyr/libzephyr.a(log_core.c.obj)
                0x0000000000003340                log_core_init
 .text.z_log_msg_alloc
                0x0000000000003370       0x10 zephyr/libzephyr.a(log_core.c.obj)
                0x0000000000003370                z_log_msg_alloc
 .text.z_log_msg_local_claim
                0x0000000000003380       0x10 zephyr/libzephyr.a(log_core.c.obj)
                0x0000000000003380                z_log_msg_local_claim
 .text.z_log_msg_free
                0x0000000000003390       0x14 zephyr/libzephyr.a(log_core.c.obj)
                0x0000000000003390                z_log_msg_free
 .text.z_log_msg_pending
                0x00000000000033a4       0x10 zephyr/libzephyr.a(log_core.c.obj)
                0x00000000000033a4                z_log_msg_pending
 .text.z_impl_log_process
                0x00000000000033b4       0xbc zephyr/libzephyr.a(log_core.c.obj)
                0x00000000000033b4                z_impl_log_process
 .text.z_impl_log_panic
                0x0000000000003470       0x4c zephyr/libzephyr.a(log_core.c.obj)
                0x0000000000003470                z_impl_log_panic
 .text.z_log_msg_post_finalize
                0x00000000000034bc       0x88 zephyr/libzephyr.a(log_core.c.obj)
 .text.z_log_msg_commit
                0x0000000000003544       0x20 zephyr/libzephyr.a(log_core.c.obj)
                0x0000000000003544                z_log_msg_commit
 .text.log_process_thread_func
                0x0000000000003564       0x78 zephyr/libzephyr.a(log_core.c.obj)
 .text.log_src_cnt_get
                0x00000000000035dc       0x14 zephyr/libzephyr.a(log_mgmt.c.obj)
                0x00000000000035dc                log_src_cnt_get
 .text.log_source_name_get
                0x00000000000035f0       0x1c zephyr/libzephyr.a(log_mgmt.c.obj)
                0x00000000000035f0                log_source_name_get
 .text.log_backend_enable
                0x000000000000360c       0x2c zephyr/libzephyr.a(log_mgmt.c.obj)
                0x000000000000360c                log_backend_enable
 .text.cbprintf_package_copy
                0x0000000000003638       0x30 zephyr/libzephyr.a(log_msg.c.obj)
 .text.z_impl_z_log_msg_static_create
                0x0000000000003668      0x158 zephyr/libzephyr.a(log_msg.c.obj)
                0x0000000000003668                z_impl_z_log_msg_static_create
 .text.print_formatted
                0x00000000000037c0       0x24 zephyr/libzephyr.a(log_output.c.obj)
 .text.timestamp_print
                0x00000000000037e4       0x8c zephyr/libzephyr.a(log_output.c.obj)
 .text.color_print
                0x0000000000003870       0x2c zephyr/libzephyr.a(log_output.c.obj)
 .text.ids_print
                0x000000000000389c       0x70 zephyr/libzephyr.a(log_output.c.obj)
 .text.prefix_print
                0x000000000000390c       0x7c zephyr/libzephyr.a(log_output.c.obj)
 .text.newline_print
                0x0000000000003988       0x28 zephyr/libzephyr.a(log_output.c.obj)
 .text.hexdump_line_print
                0x00000000000039b0       0xc4 zephyr/libzephyr.a(log_output.c.obj)
 .text.log_output_process
                0x0000000000003a74       0x88 zephyr/libzephyr.a(log_output.c.obj)
                0x0000000000003a74                log_output_process
 .text.log_output_msg_process
                0x0000000000003afc       0x70 zephyr/libzephyr.a(log_output.c.obj)
                0x0000000000003afc                log_output_msg_process
 .text.log_output_dropped_process
                0x0000000000003b6c       0x58 zephyr/libzephyr.a(log_output.c.obj)
                0x0000000000003b6c                log_output_dropped_process
 .text.log_output_timestamp_freq_set
                0x0000000000003bc4       0x2c zephyr/libzephyr.a(log_output.c.obj)
                0x0000000000003bc4                log_output_timestamp_freq_set
 .text.log_backend_rtt_init
                0x0000000000003bf0       0x1c zephyr/libzephyr.a(log_backend_rtt.c.obj)
 .text.format_set
                0x0000000000003c0c        0xc zephyr/libzephyr.a(log_backend_rtt.c.obj)
 .text.on_failed_write
                0x0000000000003c18       0x2c zephyr/libzephyr.a(log_backend_rtt.c.obj)
 .text.on_write
                0x0000000000003c44       0x38 zephyr/libzephyr.a(log_backend_rtt.c.obj)
 .text.data_out_block_mode
                0x0000000000003c7c       0x70 zephyr/libzephyr.a(log_backend_rtt.c.obj)
 .text.panic    0x0000000000003cec       0x18 zephyr/libzephyr.a(log_backend_rtt.c.obj)
 .text.dropped  0x0000000000003d04       0x10 zephyr/libzephyr.a(log_backend_rtt.c.obj)
 .text.process  0x0000000000003d14       0x20 zephyr/libzephyr.a(log_backend_rtt.c.obj)
 .text.char_out
                0x0000000000003d34       0x24 zephyr/libzephyr.a(log_backend_uart.c.obj)
 .text.format_set
                0x0000000000003d58        0xc zephyr/libzephyr.a(log_backend_uart.c.obj)
 .text.panic    0x0000000000003d64       0x18 zephyr/libzephyr.a(log_backend_uart.c.obj)
 .text.dropped  0x0000000000003d7c       0x10 zephyr/libzephyr.a(log_backend_uart.c.obj)
 .text.process  0x0000000000003d8c       0x20 zephyr/libzephyr.a(log_backend_uart.c.obj)
 .text.nrf_cc3xx_platform_abort_init
                0x0000000000003dac       0x10 zephyr/libzephyr.a(nrf_cc3xx_platform_abort_zephyr.c.obj)
                0x0000000000003dac                nrf_cc3xx_platform_abort_init
 .text.mutex_flags_unknown
                0x0000000000003dbc       0x50 zephyr/libzephyr.a(nrf_cc3xx_platform_mutex_zephyr.c.obj)
 .text.mutex_unlock_platform
                0x0000000000003e0c       0x58 zephyr/libzephyr.a(nrf_cc3xx_platform_mutex_zephyr.c.obj)
 .text.mutex_lock_platform
                0x0000000000003e64       0x64 zephyr/libzephyr.a(nrf_cc3xx_platform_mutex_zephyr.c.obj)
 .text.mutex_free_platform
                0x0000000000003ec8       0x5c zephyr/libzephyr.a(nrf_cc3xx_platform_mutex_zephyr.c.obj)
 .text.mutex_init_platform
                0x0000000000003f24       0x88 zephyr/libzephyr.a(nrf_cc3xx_platform_mutex_zephyr.c.obj)
 .text.nrf_cc3xx_platform_mutex_init
                0x0000000000003fac       0x28 zephyr/libzephyr.a(nrf_cc3xx_platform_mutex_zephyr.c.obj)
                0x0000000000003fac                nrf_cc3xx_platform_mutex_init
 .text.z_arm_cpu_idle_init
                0x0000000000003fd4        0xc zephyr/arch/arch/arm/core/aarch32/libarch__arm__core__aarch32.a(cpu_idle.S.obj)
                0x0000000000003fd4                z_arm_cpu_idle_init
 .text.arch_cpu_idle
                0x0000000000003fe0       0x1c zephyr/arch/arch/arm/core/aarch32/libarch__arm__core__aarch32.a(cpu_idle.S.obj)
                0x0000000000003fe0                arch_cpu_idle
 .text.arch_cpu_atomic_idle
                0x0000000000003ffc       0x18 zephyr/arch/arch/arm/core/aarch32/libarch__arm__core__aarch32.a(cpu_idle.S.obj)
                0x0000000000003ffc                arch_cpu_atomic_idle
 .text.esf_dump
                0x0000000000004014      0x23c zephyr/arch/arch/arm/core/aarch32/libarch__arm__core__aarch32.a(fatal.c.obj)
 .text.__NVIC_EnableIRQ
                0x0000000000004250       0x1c zephyr/arch/arch/arm/core/aarch32/libarch__arm__core__aarch32.a(irq_manage.c.obj)
 .text.__NVIC_DisableIRQ
                0x000000000000426c       0x24 zephyr/arch/arch/arm/core/aarch32/libarch__arm__core__aarch32.a(irq_manage.c.obj)
 .text.__NVIC_SetPriority
                0x0000000000004290       0x28 zephyr/arch/arch/arm/core/aarch32/libarch__arm__core__aarch32.a(irq_manage.c.obj)
 .text.arch_irq_is_enabled
                0x00000000000042b8       0x1c zephyr/arch/arch/arm/core/aarch32/libarch__arm__core__aarch32.a(irq_manage.c.obj)
                0x00000000000042b8                arch_irq_is_enabled
 .text.z_SysNmiOnReset
                0x00000000000042d4        0x8 zephyr/arch/arch/arm/core/aarch32/libarch__arm__core__aarch32.a(nmi_on_reset.S.obj)
                0x00000000000042d4                z_SysNmiOnReset
 .text.z_arm_prep_c
                0x00000000000042dc       0x38 zephyr/arch/arch/arm/core/aarch32/libarch__arm__core__aarch32.a(prep_c.c.obj)
                0x00000000000042dc                z_arm_prep_c
 .text.arch_swap
                0x0000000000004314       0x38 zephyr/arch/arch/arm/core/aarch32/libarch__arm__core__aarch32.a(swap.c.obj)
                0x0000000000004314                arch_swap
 .text.z_arm_pendsv
                0x000000000000434c       0x68 zephyr/arch/arch/arm/core/aarch32/libarch__arm__core__aarch32.a(swap_helper.S.obj)
                0x000000000000434c                z_arm_pendsv
 .text.z_arm_svc
                0x00000000000043b4       0x20 zephyr/arch/arch/arm/core/aarch32/libarch__arm__core__aarch32.a(swap_helper.S.obj)
                0x00000000000043b4                z_arm_svc
 .text.arch_new_thread
                0x00000000000043d4       0x44 zephyr/arch/arch/arm/core/aarch32/libarch__arm__core__aarch32.a(thread.c.obj)
                0x00000000000043d4                arch_new_thread
 .text.z_check_thread_stack_fail
                0x0000000000004418       0x48 zephyr/arch/arch/arm/core/aarch32/libarch__arm__core__aarch32.a(thread.c.obj)
                0x0000000000004418                z_check_thread_stack_fail
 .text.arch_switch_to_main_thread
                0x0000000000004460       0x38 zephyr/arch/arch/arm/core/aarch32/libarch__arm__core__aarch32.a(thread.c.obj)
                0x0000000000004460                arch_switch_to_main_thread
 .text._isr_wrapper
                0x0000000000004498       0x28 zephyr/arch/arch/arm/core/aarch32/libarch__arm__core__aarch32.a(isr_wrapper.S.obj)
                0x0000000000004498                _isr_wrapper
 .text.z_tls_copy
                0x00000000000044c0       0x38 zephyr/arch/arch/arm/core/aarch32/libarch__arm__core__aarch32.a(tls.c.obj)
 .text.arch_tls_stack_setup
                0x00000000000044f8       0x48 zephyr/arch/arch/arm/core/aarch32/libarch__arm__core__aarch32.a(tls.c.obj)
                0x00000000000044f8                arch_tls_stack_setup
 .text._HandlerModeExit
                0x0000000000004540       0x1c zephyr/arch/arch/arm/core/aarch32/cortex_m/libarch__arm__core__aarch32__cortex_m.a(exc_exit.S.obj)
                0x0000000000004540                z_arm_int_exit
                0x0000000000004540                z_arm_exc_exit
 .text.z_arm_is_synchronous_svc
                0x000000000000455c       0x3c zephyr/arch/arch/arm/core/aarch32/cortex_m/libarch__arm__core__aarch32__cortex_m.a(fault.c.obj)
 .text.get_esf  0x0000000000004598       0x84 zephyr/arch/arch/arm/core/aarch32/cortex_m/libarch__arm__core__aarch32__cortex_m.a(fault.c.obj)
 .text.bus_fault
                0x000000000000461c      0x31c zephyr/arch/arch/arm/core/aarch32/cortex_m/libarch__arm__core__aarch32__cortex_m.a(fault.c.obj)
 .text.usage_fault
                0x0000000000004938      0x284 zephyr/arch/arch/arm/core/aarch32/cortex_m/libarch__arm__core__aarch32__cortex_m.a(fault.c.obj)
 .text.debug_monitor
                0x0000000000004bbc       0x5c zephyr/arch/arch/arm/core/aarch32/cortex_m/libarch__arm__core__aarch32__cortex_m.a(fault.c.obj)
 .text.reserved_exception
                0x0000000000004c18       0xd8 zephyr/arch/arch/arm/core/aarch32/cortex_m/libarch__arm__core__aarch32__cortex_m.a(fault.c.obj)
 .text.mem_manage_fault
                0x0000000000004cf0      0x318 zephyr/arch/arch/arm/core/aarch32/cortex_m/libarch__arm__core__aarch32__cortex_m.a(fault.c.obj)
 .text.hard_fault
                0x0000000000005008      0x228 zephyr/arch/arch/arm/core/aarch32/cortex_m/libarch__arm__core__aarch32__cortex_m.a(fault.c.obj)
 .text.z_arm_fault
                0x0000000000005230       0x88 zephyr/arch/arch/arm/core/aarch32/cortex_m/libarch__arm__core__aarch32__cortex_m.a(fault.c.obj)
                0x0000000000005230                z_arm_fault
 .text.z_arm_fault_init
                0x00000000000052b8       0x10 zephyr/arch/arch/arm/core/aarch32/cortex_m/libarch__arm__core__aarch32__cortex_m.a(fault.c.obj)
                0x00000000000052b8                z_arm_fault_init
 .text.__fault  0x00000000000052c8       0x14 zephyr/arch/arch/arm/core/aarch32/cortex_m/libarch__arm__core__aarch32__cortex_m.a(fault_s.S.obj)
                0x00000000000052c8                z_arm_usage_fault
                0x00000000000052c8                z_arm_mpu_fault
                0x00000000000052c8                z_arm_exc_spurious
                0x00000000000052c8                z_arm_hard_fault
                0x00000000000052c8                z_arm_bus_fault
 .text.z_arm_interrupt_init
                0x00000000000052dc       0x34 zephyr/arch/arch/arm/core/aarch32/cortex_m/libarch__arm__core__aarch32__cortex_m.a(irq_init.c.obj)
                0x00000000000052dc                z_arm_interrupt_init
 .text._reset_section
                0x0000000000005310       0x60 zephyr/arch/arch/arm/core/aarch32/cortex_m/libarch__arm__core__aarch32__cortex_m.a(reset.S.obj)
                0x0000000000005310                __start
                0x0000000000005310                z_arm_reset
 .text.__NVIC_SystemReset
                0x0000000000005370       0x24 zephyr/arch/arch/arm/core/aarch32/cortex_m/libarch__arm__core__aarch32__cortex_m.a(scb.c.obj)
 .text.z_arm_clear_arm_mpu_config
                0x0000000000005394       0x28 zephyr/arch/arch/arm/core/aarch32/cortex_m/libarch__arm__core__aarch32__cortex_m.a(scb.c.obj)
                0x0000000000005394                z_arm_clear_arm_mpu_config
 .text.z_arm_init_arch_hw_at_boot
                0x00000000000053bc       0x54 zephyr/arch/arch/arm/core/aarch32/cortex_m/libarch__arm__core__aarch32__cortex_m.a(scb.c.obj)
                0x00000000000053bc                z_arm_init_arch_hw_at_boot
 .text.z_impl_k_thread_abort
                0x0000000000005410       0x34 zephyr/arch/arch/arm/core/aarch32/cortex_m/libarch__arm__core__aarch32__cortex_m.a(thread_abort.c.obj)
                0x0000000000005410                z_impl_k_thread_abort
 .text.z_arm_configure_static_mpu_regions
                0x0000000000005444       0x1c zephyr/arch/arch/arm/core/aarch32/mpu/libarch__arm__core__aarch32__mpu.a(arm_core_mpu.c.obj)
                0x0000000000005444                z_arm_configure_static_mpu_regions
 .text.z_arm_configure_dynamic_mpu_regions
                0x0000000000005460       0x24 zephyr/arch/arch/arm/core/aarch32/mpu/libarch__arm__core__aarch32__mpu.a(arm_core_mpu.c.obj)
                0x0000000000005460                z_arm_configure_dynamic_mpu_regions
 .text.region_init
                0x0000000000005484       0x28 zephyr/arch/arch/arm/core/aarch32/mpu/libarch__arm__core__aarch32__mpu.a(arm_mpu.c.obj)
 .text.region_allocate_and_init
                0x00000000000054ac       0x98 zephyr/arch/arch/arm/core/aarch32/mpu/libarch__arm__core__aarch32__mpu.a(arm_mpu.c.obj)
 .text.mpu_configure_regions
                0x0000000000005544       0xd4 zephyr/arch/arch/arm/core/aarch32/mpu/libarch__arm__core__aarch32__mpu.a(arm_mpu.c.obj)
 .text.mpu_configure_static_mpu_regions
                0x0000000000005618       0x14 zephyr/arch/arch/arm/core/aarch32/mpu/libarch__arm__core__aarch32__mpu.a(arm_mpu.c.obj)
 .text.mpu_configure_dynamic_mpu_regions
                0x000000000000562c       0x34 zephyr/arch/arch/arm/core/aarch32/mpu/libarch__arm__core__aarch32__mpu.a(arm_mpu.c.obj)
 .text.arm_core_mpu_enable
                0x0000000000005660       0x18 zephyr/arch/arch/arm/core/aarch32/mpu/libarch__arm__core__aarch32__mpu.a(arm_mpu.c.obj)
                0x0000000000005660                arm_core_mpu_enable
 .text.arm_core_mpu_disable
                0x0000000000005678       0x14 zephyr/arch/arch/arm/core/aarch32/mpu/libarch__arm__core__aarch32__mpu.a(arm_mpu.c.obj)
                0x0000000000005678                arm_core_mpu_disable
 .text.z_arm_mpu_init
                0x000000000000568c       0x44 zephyr/arch/arch/arm/core/aarch32/mpu/libarch__arm__core__aarch32__mpu.a(arm_mpu.c.obj)
                0x000000000000568c                z_arm_mpu_init
 .text.z_impl_zephyr_fputc
                0x00000000000056d0       0x10 zephyr/lib/libc/picolibc/liblib__libc__picolibc.a(libc-hooks.c.obj)
                0x00000000000056d0                z_impl_zephyr_fputc
 .text.__stdout_hook_install
                0x00000000000056e0       0x18 zephyr/lib/libc/picolibc/liblib__libc__picolibc.a(libc-hooks.c.obj)
                0x00000000000056e0                __stdout_hook_install
 .text.cbvprintf
                0x00000000000056f8       0x34 zephyr/lib/libc/picolibc/liblib__libc__picolibc.a(libc-hooks.c.obj)
                0x00000000000056f8                cbvprintf
 .text.malloc_prepare
                0x000000000000572c       0x24 zephyr/lib/libc/common/liblib__libc__common.a(malloc.c.obj)
 .text.nordicsemi_nrf52_init
                0x0000000000005750       0x34 zephyr/soc/soc/arm/nordic_nrf/nrf52/libsoc__arm__nordic_nrf__nrf52.a(soc.c.obj)
 .text.arch_busy_wait
                0x0000000000005784       0x18 zephyr/soc/soc/arm/nordic_nrf/nrf52/libsoc__arm__nordic_nrf__nrf52.a(soc.c.obj)
                0x0000000000005784                arch_busy_wait
 .text.get_hf_flags
                0x000000000000579c        0x8 zephyr/drivers/clock_control/libdrivers__clock_control.a(clock_control_nrf.c.obj)
 .text.get_subsys
                0x00000000000057a4       0x18 zephyr/drivers/clock_control/libdrivers__clock_control.a(clock_control_nrf.c.obj)
 .text.onoff_stop
                0x00000000000057bc       0x20 zephyr/drivers/clock_control/libdrivers__clock_control.a(clock_control_nrf.c.obj)
 .text.onoff_start
                0x00000000000057dc       0x34 zephyr/drivers/clock_control/libdrivers__clock_control.a(clock_control_nrf.c.obj)
 .text.clock_event_handler
                0x0000000000005810       0x34 zephyr/drivers/clock_control/libdrivers__clock_control.a(clock_control_nrf.c.obj)
 .text.generic_hfclk_start
                0x0000000000005844       0x70 zephyr/drivers/clock_control/libdrivers__clock_control.a(clock_control_nrf.c.obj)
 .text.generic_hfclk_stop
                0x00000000000058b4       0x38 zephyr/drivers/clock_control/libdrivers__clock_control.a(clock_control_nrf.c.obj)
 .text.lfclk_spinwait
                0x00000000000058ec       0xcc zephyr/drivers/clock_control/libdrivers__clock_control.a(clock_control_nrf.c.obj)
 .text.api_blocking_start
                0x00000000000059b8       0x38 zephyr/drivers/clock_control/libdrivers__clock_control.a(clock_control_nrf.c.obj)
 .text.clk_init
                0x00000000000059f0       0x60 zephyr/drivers/clock_control/libdrivers__clock_control.a(clock_control_nrf.c.obj)
 .text.z_nrf_clock_control_lf_on
                0x0000000000005a50       0x54 zephyr/drivers/clock_control/libdrivers__clock_control.a(clock_control_nrf.c.obj)
                0x0000000000005a50                z_nrf_clock_control_lf_on
 .text.console_out
                0x0000000000005aa4       0x28 zephyr/drivers/console/libdrivers__console.a(uart_console.c.obj)
 .text.uart_console_hook_install
                0x0000000000005acc       0x18 zephyr/drivers/console/libdrivers__console.a(uart_console.c.obj)
 .text.uart_console_init
                0x0000000000005ae4       0x1c zephyr/drivers/console/libdrivers__console.a(uart_console.c.obj)
 .text.nrf_gpio_pin_dir_get
                0x0000000000005b00       0x2c zephyr/drivers/gpio/libdrivers__gpio.a(gpio_nrfx.c.obj)
 .text.get_dev  0x0000000000005b2c       0x1c zephyr/drivers/gpio/libdrivers__gpio.a(gpio_nrfx.c.obj)
 .text.gpio_nrfx_pin_interrupt_configure
                0x0000000000005b48       0xb0 zephyr/drivers/gpio/libdrivers__gpio.a(gpio_nrfx.c.obj)
 .text.gpio_nrfx_pin_configure
                0x0000000000005bf8      0x114 zephyr/drivers/gpio/libdrivers__gpio.a(gpio_nrfx.c.obj)
 .text.gpio_nrfx_init
                0x0000000000005d0c       0x3c zephyr/drivers/gpio/libdrivers__gpio.a(gpio_nrfx.c.obj)
 .text.nrf_gpio_cfg
                0x0000000000005d48       0x50 zephyr/drivers/pinctrl/libdrivers__pinctrl.a(pinctrl_nrf.c.obj)
 .text.nrf_gpio_pin_set
                0x0000000000005d98       0x28 zephyr/drivers/pinctrl/libdrivers__pinctrl.a(pinctrl_nrf.c.obj)
 .text.nrf_gpio_pin_clear
                0x0000000000005dc0       0x28 zephyr/drivers/pinctrl/libdrivers__pinctrl.a(pinctrl_nrf.c.obj)
 .text.pinctrl_configure_pins
                0x0000000000005de8      0x260 zephyr/drivers/pinctrl/libdrivers__pinctrl.a(pinctrl_nrf.c.obj)
                0x0000000000005de8                pinctrl_configure_pins
 .text.baudrate_set
                0x0000000000006048      0x150 zephyr/drivers/serial/libdrivers__serial.a(uart_nrfx_uarte.c.obj)
 .text.uarte_nrfx_poll_out
                0x0000000000006198       0x5c zephyr/drivers/serial/libdrivers__serial.a(uart_nrfx_uarte.c.obj)
 .text.endtx_stoptx_ppi_init
                0x00000000000061f4       0x8c zephyr/drivers/serial/libdrivers__serial.a(uart_nrfx_uarte.c.obj)
 .text.nrf_gpio_pin_set
                0x0000000000006280       0x28 zephyr/drivers/spi/libdrivers__spi.a(spi_nrfx_spim.c.obj)
 .text.nrf_gpio_pin_clear
                0x00000000000062a8       0x28 zephyr/drivers/spi/libdrivers__spi.a(spi_nrfx_spim.c.obj)
 .text.get_nrf_spim_frequency
                0x00000000000062d0       0x8c zephyr/drivers/spi/libdrivers__spi.a(spi_nrfx_spim.c.obj)
 .text.configure
                0x000000000000635c      0x374 zephyr/drivers/spi/libdrivers__spi.a(spi_nrfx_spim.c.obj)
 .text.spi_context_wait_for_completion
                0x00000000000066d0       0xd4 zephyr/drivers/spi/libdrivers__spi.a(spi_nrfx_spim.c.obj)
 .text.transfer_next_chunk
                0x00000000000067a4       0xa0 zephyr/drivers/spi/libdrivers__spi.a(spi_nrfx_spim.c.obj)
 .text.event_handler
                0x0000000000006844      0x138 zephyr/drivers/spi/libdrivers__spi.a(spi_nrfx_spim.c.obj)
 .text.transceive
                0x000000000000697c       0xf4 zephyr/drivers/spi/libdrivers__spi.a(spi_nrfx_spim.c.obj)
 .text.spi_context_cs_configure_all
                0x0000000000006a70       0xfc zephyr/drivers/spi/libdrivers__spi.a(spi_nrfx_spim.c.obj)
 .text.spi_nrfx_init
                0x0000000000006b6c       0xe8 zephyr/drivers/spi/libdrivers__spi.a(spi_nrfx_spim.c.obj)
 .text.nrf_gpio_cfg
                0x0000000000006c54       0x50 zephyr/drivers/spi/libdrivers__spi.a(spi_nrfx_common.c.obj)
 .text.spi_nrfx_wake_init
                0x0000000000006ca4       0x54 zephyr/drivers/spi/libdrivers__spi.a(spi_nrfx_common.c.obj)
                0x0000000000006ca4                spi_nrfx_wake_init
 .text.set_comparator
                0x0000000000006cf8       0x14 zephyr/drivers/timer/libdrivers__timer.a(nrf_rtc_timer.c.obj)
 .text.event_enable
                0x0000000000006d0c       0x14 zephyr/drivers/timer/libdrivers__timer.a(nrf_rtc_timer.c.obj)
 .text.event_disable
                0x0000000000006d20       0x14 zephyr/drivers/timer/libdrivers__timer.a(nrf_rtc_timer.c.obj)
 .text.counter  0x0000000000006d34        0xc zephyr/drivers/timer/libdrivers__timer.a(nrf_rtc_timer.c.obj)
 .text.set_alarm
                0x0000000000006d40       0x88 zephyr/drivers/timer/libdrivers__timer.a(nrf_rtc_timer.c.obj)
 .text.int_event_disable_rtc
                0x0000000000006dc8       0x18 zephyr/drivers/timer/libdrivers__timer.a(nrf_rtc_timer.c.obj)
 .text.compare_int_lock
                0x0000000000006de0       0x4c zephyr/drivers/timer/libdrivers__timer.a(nrf_rtc_timer.c.obj)
 .text.channel_processing_check_and_clear
                0x0000000000006e2c       0x60 zephyr/drivers/timer/libdrivers__timer.a(nrf_rtc_timer.c.obj)
 .text.compare_int_unlock
                0x0000000000006e8c       0x60 zephyr/drivers/timer/libdrivers__timer.a(nrf_rtc_timer.c.obj)
 .text.sys_clock_timeout_handler
                0x0000000000006eec       0x50 zephyr/drivers/timer/libdrivers__timer.a(nrf_rtc_timer.c.obj)
 .text.z_nrf_rtc_timer_read
                0x0000000000006f3c       0x40 zephyr/drivers/timer/libdrivers__timer.a(nrf_rtc_timer.c.obj)
                0x0000000000006f3c                z_nrf_rtc_timer_read
 .text.compare_set_nolocks
                0x0000000000006f7c       0xac zephyr/drivers/timer/libdrivers__timer.a(nrf_rtc_timer.c.obj)
 .text.sys_clock_driver_init
                0x0000000000007028       0x9c zephyr/drivers/timer/libdrivers__timer.a(nrf_rtc_timer.c.obj)
 .text.process_channel
                0x00000000000070c4       0x7c zephyr/drivers/timer/libdrivers__timer.a(nrf_rtc_timer.c.obj)
 .text.rtc_nrf_isr
                0x0000000000007140       0x44 zephyr/drivers/timer/libdrivers__timer.a(nrf_rtc_timer.c.obj)
                0x0000000000007140                rtc_nrf_isr
 .text.sys_clock_set_timeout
                0x0000000000007184       0x78 zephyr/drivers/timer/libdrivers__timer.a(nrf_rtc_timer.c.obj)
                0x0000000000007184                sys_clock_set_timeout
 .text.sys_clock_elapsed
                0x00000000000071fc       0x14 zephyr/drivers/timer/libdrivers__timer.a(nrf_rtc_timer.c.obj)
                0x00000000000071fc                sys_clock_elapsed
 .text.sys_clock_disable
                0x0000000000007210       0x28 zephyr/drivers/timer/libdrivers__timer.a(nrf_rtc_timer.c.obj)
                0x0000000000007210                sys_clock_disable
 .text.k_sys_fatal_error_handler
                0x0000000000007238       0x60 modules/nrf/lib/fatal_error/lib..__nrf__lib__fatal_error.a(fatal_error.c.obj)
                0x0000000000007238                k_sys_fatal_error_handler
 .text.__NVIC_SystemReset
                0x0000000000007298       0x24 modules/hal_nordic/nrfx/libmodules__hal_nordic__nrfx.a(system_nrf52840.c.obj)
 .text.nvmc_wait
                0x00000000000072bc       0x10 modules/hal_nordic/nrfx/libmodules__hal_nordic__nrfx.a(system_nrf52840.c.obj)
                0x00000000000072bc                nvmc_wait
 .text.nvmc_config
                0x00000000000072cc       0x14 modules/hal_nordic/nrfx/libmodules__hal_nordic__nrfx.a(system_nrf52840.c.obj)
                0x00000000000072cc                nvmc_config
 .text.SystemInit
                0x00000000000072e0      0x178 modules/hal_nordic/nrfx/libmodules__hal_nordic__nrfx.a(system_nrf52840.c.obj)
                0x00000000000072e0                SystemInit
 .text.nrfx_flag32_alloc
                0x0000000000007458       0x54 modules/hal_nordic/nrfx/libmodules__hal_nordic__nrfx.a(nrfx_flag32_allocator.c.obj)
                0x0000000000007458                nrfx_flag32_alloc
 .text.nrfx_flag32_free
                0x00000000000074ac       0x44 modules/hal_nordic/nrfx/libmodules__hal_nordic__nrfx.a(nrfx_flag32_allocator.c.obj)
                0x00000000000074ac                nrfx_flag32_free
 .text.nrfx_gppi_channels_enable
                0x00000000000074f0        0xc modules/hal_nordic/nrfx/libmodules__hal_nordic__nrfx.a(nrfx_gppi_ppi.c.obj)
                0x00000000000074f0                nrfx_gppi_channels_enable
 .text.nrfx_gppi_channel_endpoints_setup
                0x00000000000074fc       0x14 modules/hal_nordic/nrfx/libmodules__hal_nordic__nrfx.a(nrfx_gppi_ppi.c.obj)
                0x00000000000074fc                nrfx_gppi_channel_endpoints_setup
 .text.clock_stop
                0x0000000000007510       0x8c modules/hal_nordic/nrfx/libmodules__hal_nordic__nrfx.a(nrfx_clock.c.obj)
 .text.nrfx_clock_init
                0x000000000000759c       0x28 modules/hal_nordic/nrfx/libmodules__hal_nordic__nrfx.a(nrfx_clock.c.obj)
                0x000000000000759c                nrfx_clock_init
 .text.nrfx_power_clock_irq_handler
                0x00000000000075c4       0x7c modules/hal_nordic/nrfx/libmodules__hal_nordic__nrfx.a(nrfx_clock.c.obj)
                0x00000000000075c4                nrfx_power_clock_irq_handler
 .text.nrf_gpio_cfg
                0x0000000000007640       0x50 modules/hal_nordic/nrfx/libmodules__hal_nordic__nrfx.a(nrfx_gpiote.c.obj)
 .text.nrf_gpio_reconfigure
                0x0000000000007690       0xbc modules/hal_nordic/nrfx/libmodules__hal_nordic__nrfx.a(nrfx_gpiote.c.obj)
 .text.nrf_gpio_pin_read
                0x000000000000774c       0x28 modules/hal_nordic/nrfx/libmodules__hal_nordic__nrfx.a(nrfx_gpiote.c.obj)
 .text.nrf_gpio_pin_sense_get
                0x0000000000007774       0x2c modules/hal_nordic/nrfx/libmodules__hal_nordic__nrfx.a(nrfx_gpiote.c.obj)
 .text.nrf_gpio_latches_read_and_clear
                0x00000000000077a0       0x44 modules/hal_nordic/nrfx/libmodules__hal_nordic__nrfx.a(nrfx_gpiote.c.obj)
 .text.nrf_gpio_pin_latch_clear
                0x00000000000077e4       0x28 modules/hal_nordic/nrfx/libmodules__hal_nordic__nrfx.a(nrfx_gpiote.c.obj)
 .text.get_pin_idx
                0x000000000000780c       0x14 modules/hal_nordic/nrfx/libmodules__hal_nordic__nrfx.a(nrfx_gpiote.c.obj)
 .text.pin_in_use
                0x0000000000007820       0x18 modules/hal_nordic/nrfx/libmodules__hal_nordic__nrfx.a(nrfx_gpiote.c.obj)
 .text.pin_in_use_by_te
                0x0000000000007838       0x18 modules/hal_nordic/nrfx/libmodules__hal_nordic__nrfx.a(nrfx_gpiote.c.obj)
 .text.pin_has_trigger
                0x0000000000007850       0x1c modules/hal_nordic/nrfx/libmodules__hal_nordic__nrfx.a(nrfx_gpiote.c.obj)
 .text.pin_is_output
                0x000000000000786c       0x18 modules/hal_nordic/nrfx/libmodules__hal_nordic__nrfx.a(nrfx_gpiote.c.obj)
 .text.pin_te_get
                0x0000000000007884       0x18 modules/hal_nordic/nrfx/libmodules__hal_nordic__nrfx.a(nrfx_gpiote.c.obj)
 .text.handler_in_use
                0x000000000000789c       0x34 modules/hal_nordic/nrfx/libmodules__hal_nordic__nrfx.a(nrfx_gpiote.c.obj)
 .text.find_handler
                0x00000000000078d0       0x2c modules/hal_nordic/nrfx/libmodules__hal_nordic__nrfx.a(nrfx_gpiote.c.obj)
 .text.get_initial_sense
                0x00000000000078fc       0x3c modules/hal_nordic/nrfx/libmodules__hal_nordic__nrfx.a(nrfx_gpiote.c.obj)
 .text.channel_handler_get
                0x0000000000007938       0x28 modules/hal_nordic/nrfx/libmodules__hal_nordic__nrfx.a(nrfx_gpiote.c.obj)
 .text.call_handler
                0x0000000000007960       0x2c modules/hal_nordic/nrfx/libmodules__hal_nordic__nrfx.a(nrfx_gpiote.c.obj)
 .text.release_handler
                0x000000000000798c       0x48 modules/hal_nordic/nrfx/libmodules__hal_nordic__nrfx.a(nrfx_gpiote.c.obj)
 .text.pin_handler_trigger_uninit
                0x00000000000079d4       0x3c modules/hal_nordic/nrfx/libmodules__hal_nordic__nrfx.a(nrfx_gpiote.c.obj)
 .text.pin_handler_set
                0x0000000000007a10       0x74 modules/hal_nordic/nrfx/libmodules__hal_nordic__nrfx.a(nrfx_gpiote.c.obj)
 .text.port_event_handle
                0x0000000000007a84       0xa0 modules/hal_nordic/nrfx/libmodules__hal_nordic__nrfx.a(nrfx_gpiote.c.obj)
 .text.gpiote_evt_handle
                0x0000000000007b24       0x44 modules/hal_nordic/nrfx/libmodules__hal_nordic__nrfx.a(nrfx_gpiote.c.obj)
 .text.nrfx_gpiote_input_configure
                0x0000000000007b68      0x134 modules/hal_nordic/nrfx/libmodules__hal_nordic__nrfx.a(nrfx_gpiote.c.obj)
                0x0000000000007b68                nrfx_gpiote_input_configure
 .text.nrfx_gpiote_output_configure
                0x0000000000007c9c       0xdc modules/hal_nordic/nrfx/libmodules__hal_nordic__nrfx.a(nrfx_gpiote.c.obj)
                0x0000000000007c9c                nrfx_gpiote_output_configure
 .text.nrfx_gpiote_global_callback_set
                0x0000000000007d78        0xc modules/hal_nordic/nrfx/libmodules__hal_nordic__nrfx.a(nrfx_gpiote.c.obj)
                0x0000000000007d78                nrfx_gpiote_global_callback_set
 .text.nrfx_gpiote_channel_get
                0x0000000000007d84       0x34 modules/hal_nordic/nrfx/libmodules__hal_nordic__nrfx.a(nrfx_gpiote.c.obj)
                0x0000000000007d84                nrfx_gpiote_channel_get
 .text.nrfx_gpiote_init
                0x0000000000007db8       0x4c modules/hal_nordic/nrfx/libmodules__hal_nordic__nrfx.a(nrfx_gpiote.c.obj)
                0x0000000000007db8                nrfx_gpiote_init
 .text.nrfx_gpiote_is_init
                0x0000000000007e04       0x14 modules/hal_nordic/nrfx/libmodules__hal_nordic__nrfx.a(nrfx_gpiote.c.obj)
                0x0000000000007e04                nrfx_gpiote_is_init
 .text.nrfx_gpiote_channel_free
                0x0000000000007e18       0x10 modules/hal_nordic/nrfx/libmodules__hal_nordic__nrfx.a(nrfx_gpiote.c.obj)
                0x0000000000007e18                nrfx_gpiote_channel_free
 .text.nrfx_gpiote_channel_alloc
                0x0000000000007e28       0x10 modules/hal_nordic/nrfx/libmodules__hal_nordic__nrfx.a(nrfx_gpiote.c.obj)
                0x0000000000007e28                nrfx_gpiote_channel_alloc
 .text.nrfx_gpiote_trigger_enable
                0x0000000000007e38       0x64 modules/hal_nordic/nrfx/libmodules__hal_nordic__nrfx.a(nrfx_gpiote.c.obj)
                0x0000000000007e38                nrfx_gpiote_trigger_enable
 .text.nrfx_gpiote_trigger_disable
                0x0000000000007e9c       0x44 modules/hal_nordic/nrfx/libmodules__hal_nordic__nrfx.a(nrfx_gpiote.c.obj)
                0x0000000000007e9c                nrfx_gpiote_trigger_disable
 .text.nrfx_gpiote_pin_uninit
                0x0000000000007ee0       0x2c modules/hal_nordic/nrfx/libmodules__hal_nordic__nrfx.a(nrfx_gpiote.c.obj)
                0x0000000000007ee0                nrfx_gpiote_pin_uninit
 .text.nrfx_gpiote_irq_handler
                0x0000000000007f0c       0x2c modules/hal_nordic/nrfx/libmodules__hal_nordic__nrfx.a(nrfx_gpiote.c.obj)
                0x0000000000007f0c                nrfx_gpiote_irq_handler
 .text.nrfx_ppi_channel_alloc
                0x0000000000007f38       0x10 modules/hal_nordic/nrfx/libmodules__hal_nordic__nrfx.a(nrfx_ppi.c.obj)
                0x0000000000007f38                nrfx_ppi_channel_alloc
 .text.nrf_gpio_cfg
                0x0000000000007f48       0x50 modules/hal_nordic/nrfx/libmodules__hal_nordic__nrfx.a(nrfx_spim.c.obj)
 .text.nrf_gpio_pin_set
                0x0000000000007f98       0x28 modules/hal_nordic/nrfx/libmodules__hal_nordic__nrfx.a(nrfx_spim.c.obj)
 .text.nrf_gpio_pin_clear
                0x0000000000007fc0       0x28 modules/hal_nordic/nrfx/libmodules__hal_nordic__nrfx.a(nrfx_spim.c.obj)
 .text.anomaly_198_enable
                0x0000000000007fe8       0x58 modules/hal_nordic/nrfx/libmodules__hal_nordic__nrfx.a(nrfx_spim.c.obj)
 .text.anomaly_198_disable
                0x0000000000008040       0x14 modules/hal_nordic/nrfx/libmodules__hal_nordic__nrfx.a(nrfx_spim.c.obj)
 .text.configure_pins
                0x0000000000008054       0x90 modules/hal_nordic/nrfx/libmodules__hal_nordic__nrfx.a(nrfx_spim.c.obj)
 .text.spim_frequency_valid_check
                0x00000000000080e4       0x94 modules/hal_nordic/nrfx/libmodules__hal_nordic__nrfx.a(nrfx_spim.c.obj)
 .text.spim_frequency_bit_decode
                0x0000000000008178       0xb0 modules/hal_nordic/nrfx/libmodules__hal_nordic__nrfx.a(nrfx_spim.c.obj)
 .text.spim_configuration_verify
                0x0000000000008228       0x60 modules/hal_nordic/nrfx/libmodules__hal_nordic__nrfx.a(nrfx_spim.c.obj)
 .text.spim_configure
                0x0000000000008288      0x108 modules/hal_nordic/nrfx/libmodules__hal_nordic__nrfx.a(nrfx_spim.c.obj)
 .text.spim_xfer
                0x0000000000008390      0x114 modules/hal_nordic/nrfx/libmodules__hal_nordic__nrfx.a(nrfx_spim.c.obj)
 .text.irq_handler
                0x00000000000084a4       0x2c modules/hal_nordic/nrfx/libmodules__hal_nordic__nrfx.a(nrfx_spim.c.obj)
 .text.nrfx_spim_init
                0x00000000000084d0       0x68 modules/hal_nordic/nrfx/libmodules__hal_nordic__nrfx.a(nrfx_spim.c.obj)
                0x00000000000084d0                nrfx_spim_init
 .text.nrfx_spim_uninit
                0x0000000000008538       0xd0 modules/hal_nordic/nrfx/libmodules__hal_nordic__nrfx.a(nrfx_spim.c.obj)
                0x0000000000008538                nrfx_spim_uninit
 .text.nrfx_spim_xfer
                0x0000000000008608       0x68 modules/hal_nordic/nrfx/libmodules__hal_nordic__nrfx.a(nrfx_spim.c.obj)
                0x0000000000008608                nrfx_spim_xfer
 .text.nrfx_spim_3_irq_handler
                0x0000000000008670       0x14 modules/hal_nordic/nrfx/libmodules__hal_nordic__nrfx.a(nrfx_spim.c.obj)
                0x0000000000008670                nrfx_spim_3_irq_handler
 .text._DoInit  0x0000000000008684       0x64 modules/segger/libmodules__segger.a(SEGGER_RTT.c.obj)
 .text.SEGGER_RTT_WriteSkipNoLock
                0x00000000000086e8       0xd0 modules/segger/libmodules__segger.a(SEGGER_RTT.c.obj)
                0x00000000000086e8                SEGGER_RTT_WriteSkipNoLock
 .text.SEGGER_RTT_HasDataUp
                0x00000000000087b8       0x20 modules/segger/libmodules__segger.a(SEGGER_RTT.c.obj)
                0x00000000000087b8                SEGGER_RTT_HasDataUp
 .text.zephyr_rtt_mutex_lock
                0x00000000000087d8       0x18 modules/segger/libmodules__segger.a(SEGGER_RTT_zephyr.c.obj)
                0x00000000000087d8                zephyr_rtt_mutex_lock
 .text.zephyr_rtt_mutex_unlock
                0x00000000000087f0       0x10 modules/segger/libmodules__segger.a(SEGGER_RTT_zephyr.c.obj)
                0x00000000000087f0                zephyr_rtt_mutex_unlock
 .text.z_device_state_init
                0x0000000000008800       0x18 zephyr/kernel/libkernel.a(device.c.obj)
                0x0000000000008800                z_device_state_init
 .text.reason_to_str
                0x0000000000008818       0x40 zephyr/kernel/libkernel.a(fatal.c.obj)
 .text.thread_name_get
                0x0000000000008858       0x20 zephyr/kernel/libkernel.a(fatal.c.obj)
 .text.z_fatal_error
                0x0000000000008878      0x22c zephyr/kernel/libkernel.a(fatal.c.obj)
                0x0000000000008878                z_fatal_error
 .text.z_sys_init_run_level
                0x0000000000008aa4       0x58 zephyr/kernel/libkernel.a(init.c.obj)
 .text.init_idle_thread
                0x0000000000008afc       0x60 zephyr/kernel/libkernel.a(init.c.obj)
 .text.bg_thread_main
                0x0000000000008b5c       0x34 zephyr/kernel/libkernel.a(init.c.obj)
 .text.switch_to_main_thread
                0x0000000000008b90       0x14 zephyr/kernel/libkernel.a(init.c.obj)
 .text.z_bss_zero
                0x0000000000008ba4       0x18 zephyr/kernel/libkernel.a(init.c.obj)
                0x0000000000008ba4                z_bss_zero
 .text.z_init_cpu
                0x0000000000008bbc       0x60 zephyr/kernel/libkernel.a(init.c.obj)
                0x0000000000008bbc                z_init_cpu
 .text.prepare_multithreading
                0x0000000000008c1c       0x60 zephyr/kernel/libkernel.a(init.c.obj)
 .text.z_cstart
                0x0000000000008c7c       0x94 zephyr/kernel/libkernel.a(init.c.obj)
                0x0000000000008c7c                z_cstart
 .text.init_mem_slab_module
                0x0000000000008d10       0x24 zephyr/kernel/libkernel.a(mem_slab.c.obj)
 .text.k_mem_slab_alloc
                0x0000000000008d34       0x68 zephyr/kernel/libkernel.a(mem_slab.c.obj)
                0x0000000000008d34                k_mem_slab_alloc
 .text.z_thread_monitor_exit
                0x0000000000008d9c       0x40 zephyr/kernel/libkernel.a(thread.c.obj)
                0x0000000000008d9c                z_thread_monitor_exit
 .text.z_impl_k_thread_name_set
                0x0000000000008ddc       0x24 zephyr/kernel/libkernel.a(thread.c.obj)
                0x0000000000008ddc                z_impl_k_thread_name_set
 .text.schedule_new_thread
                0x0000000000008e00       0x1c zephyr/kernel/libkernel.a(thread.c.obj)
 .text.z_setup_new_thread
                0x0000000000008e1c       0xc8 zephyr/kernel/libkernel.a(thread.c.obj)
                0x0000000000008e1c                z_setup_new_thread
 .text.z_init_static_threads
                0x0000000000008ee4       0x94 zephyr/kernel/libkernel.a(thread.c.obj)
                0x0000000000008ee4                z_init_static_threads
 .text.z_impl_k_mutex_lock
                0x0000000000008f78      0x108 zephyr/kernel/libkernel.a(mutex.c.obj)
                0x0000000000008f78                z_impl_k_mutex_lock
 .text.z_impl_k_mutex_unlock
                0x0000000000009080       0x7c zephyr/kernel/libkernel.a(mutex.c.obj)
                0x0000000000009080                z_impl_k_mutex_unlock
 .text.z_impl_k_sem_give
                0x00000000000090fc       0x50 zephyr/kernel/libkernel.a(sem.c.obj)
                0x00000000000090fc                z_impl_k_sem_give
 .text.z_impl_k_sem_take
                0x000000000000914c       0x50 zephyr/kernel/libkernel.a(sem.c.obj)
                0x000000000000914c                z_impl_k_sem_take
 .text.z_impl_k_sem_reset
                0x000000000000919c       0x40 zephyr/kernel/libkernel.a(sem.c.obj)
                0x000000000000919c                z_impl_k_sem_reset
 .text.sliceable
                0x00000000000091dc       0x4c zephyr/kernel/libkernel.a(sched.c.obj)
 .text.slice_timeout
                0x0000000000009228       0x20 zephyr/kernel/libkernel.a(sched.c.obj)
 .text.add_thread_timeout
                0x0000000000009248       0x20 zephyr/kernel/libkernel.a(sched.c.obj)
 .text.z_reset_time_slice
                0x0000000000009268       0x50 zephyr/kernel/libkernel.a(sched.c.obj)
                0x0000000000009268                z_reset_time_slice
 .text.z_reschedule
                0x00000000000092b8       0x2c zephyr/kernel/libkernel.a(sched.c.obj)
                0x00000000000092b8                z_reschedule
 .text.k_sched_lock
                0x00000000000092e4       0x34 zephyr/kernel/libkernel.a(sched.c.obj)
                0x00000000000092e4                k_sched_lock
 .text.update_cache
                0x0000000000009318       0x50 zephyr/kernel/libkernel.a(sched.c.obj)
 .text.move_thread_to_end_of_prio_q
                0x0000000000009368       0x8c zephyr/kernel/libkernel.a(sched.c.obj)
 .text.z_time_slice
                0x00000000000093f4       0x74 zephyr/kernel/libkernel.a(sched.c.obj)
                0x00000000000093f4                z_time_slice
 .text.ready_thread
                0x0000000000009468       0x78 zephyr/kernel/libkernel.a(sched.c.obj)
 .text.z_sched_start
                0x00000000000094e0       0x3c zephyr/kernel/libkernel.a(sched.c.obj)
                0x00000000000094e0                z_sched_start
 .text.unready_thread
                0x000000000000951c       0x38 zephyr/kernel/libkernel.a(sched.c.obj)
 .text.z_pend_curr
                0x0000000000009554       0x38 zephyr/kernel/libkernel.a(sched.c.obj)
                0x0000000000009554                z_pend_curr
 .text.z_set_prio
                0x000000000000958c       0xbc zephyr/kernel/libkernel.a(sched.c.obj)
                0x000000000000958c                z_set_prio
 .text.z_impl_k_thread_suspend
                0x0000000000009648       0x74 zephyr/kernel/libkernel.a(sched.c.obj)
                0x0000000000009648                z_impl_k_thread_suspend
 .text.k_sched_unlock
                0x00000000000096bc       0x40 zephyr/kernel/libkernel.a(sched.c.obj)
                0x00000000000096bc                k_sched_unlock
 .text.end_thread
                0x00000000000096fc       0x64 zephyr/kernel/libkernel.a(sched.c.obj)
 .text.z_sched_init
                0x0000000000009760       0x10 zephyr/kernel/libkernel.a(sched.c.obj)
                0x0000000000009760                z_sched_init
 .text.z_impl_k_yield
                0x0000000000009770       0x8c zephyr/kernel/libkernel.a(sched.c.obj)
                0x0000000000009770                z_impl_k_yield
 .text.z_tick_sleep
                0x00000000000097fc       0x98 zephyr/kernel/libkernel.a(sched.c.obj)
 .text.z_impl_k_sleep
                0x0000000000009894       0x54 zephyr/kernel/libkernel.a(sched.c.obj)
                0x0000000000009894                z_impl_k_sleep
 .text.z_impl_z_current_get
                0x00000000000098e8        0xc zephyr/kernel/libkernel.a(sched.c.obj)
                0x00000000000098e8                z_impl_z_current_get
 .text.z_thread_abort
                0x00000000000098f4       0x70 zephyr/kernel/libkernel.a(sched.c.obj)
                0x00000000000098f4                z_thread_abort
 .text.z_data_copy
                0x0000000000009964       0x34 zephyr/kernel/libkernel.a(xip.c.obj)
                0x0000000000009964                z_data_copy
 .text.first    0x0000000000009998       0x14 zephyr/kernel/libkernel.a(timeout.c.obj)
 .text.next     0x00000000000099ac       0x18 zephyr/kernel/libkernel.a(timeout.c.obj)
 .text.elapsed  0x00000000000099c4       0x18 zephyr/kernel/libkernel.a(timeout.c.obj)
 .text.z_add_timeout
                0x00000000000099dc      0x100 zephyr/kernel/libkernel.a(timeout.c.obj)
                0x00000000000099dc                z_add_timeout
 .text.sys_clock_announce
                0x0000000000009adc       0xc8 zephyr/kernel/libkernel.a(timeout.c.obj)
                0x0000000000009adc                sys_clock_announce
 .text.sys_clock_tick_get
                0x0000000000009ba4       0x40 zephyr/kernel/libkernel.a(timeout.c.obj)
                0x0000000000009ba4                sys_clock_tick_get
 .text.z_timer_expiration_handler
                0x0000000000009be4      0x100 zephyr/kernel/libkernel.a(timer.c.obj)
                0x0000000000009be4                z_timer_expiration_handler
 .text.z_impl_k_timer_start
                0x0000000000009ce4       0x60 zephyr/kernel/libkernel.a(timer.c.obj)
                0x0000000000009ce4                z_impl_k_timer_start
 .text.boot_banner
                0x0000000000009d44       0x10 zephyr/kernel/libkernel.a(banner.c.obj)
                0x0000000000009d44                boot_banner
 .text.nrf_cc3xx_platform_init_no_rng
                0x0000000000009d54       0x38 C:/ncs/v2.5.2/nrfxlib/crypto/nrf_cc310_platform/lib/cortex-m4/soft-float/no-interrupts/libnrf_cc310_platform_0.9.18.a(nrf_cc3xx_platform.c.obj)
                0x0000000000009d54                nrf_cc3xx_platform_init_no_rng
 .text.nrf_cc3xx_platform_abort
                0x0000000000009d8c       0x24 C:/ncs/v2.5.2/nrfxlib/crypto/nrf_cc310_platform/lib/cortex-m4/soft-float/no-interrupts/libnrf_cc310_platform_0.9.18.a(nrf_cc3xx_platform_abort.c.obj)
 .text.CC_PalAbort
                0x0000000000009db0       0x34 C:/ncs/v2.5.2/nrfxlib/crypto/nrf_cc310_platform/lib/cortex-m4/soft-float/no-interrupts/libnrf_cc310_platform_0.9.18.a(nrf_cc3xx_platform_abort.c.obj)
                0x0000000000009db0                CC_PalAbort
 .text.nrf_cc3xx_platform_set_abort
                0x0000000000009de4       0x10 C:/ncs/v2.5.2/nrfxlib/crypto/nrf_cc310_platform/lib/cortex-m4/soft-float/no-interrupts/libnrf_cc310_platform_0.9.18.a(nrf_cc3xx_platform_abort.c.obj)
                0x0000000000009de4                nrf_cc3xx_platform_set_abort
 .text.mutex_free
                0x0000000000009df4       0x34 C:/ncs/v2.5.2/nrfxlib/crypto/nrf_cc310_platform/lib/cortex-m4/soft-float/no-interrupts/libnrf_cc310_platform_0.9.18.a(nrf_cc3xx_platform_mutex.c.obj)
 .text.mutex_lock
                0x0000000000009e28       0x48 C:/ncs/v2.5.2/nrfxlib/crypto/nrf_cc310_platform/lib/cortex-m4/soft-float/no-interrupts/libnrf_cc310_platform_0.9.18.a(nrf_cc3xx_platform_mutex.c.obj)
 .text.mutex_unlock
                0x0000000000009e70       0x38 C:/ncs/v2.5.2/nrfxlib/crypto/nrf_cc310_platform/lib/cortex-m4/soft-float/no-interrupts/libnrf_cc310_platform_0.9.18.a(nrf_cc3xx_platform_mutex.c.obj)
 .text.mutex_init
                0x0000000000009ea8       0x20 C:/ncs/v2.5.2/nrfxlib/crypto/nrf_cc310_platform/lib/cortex-m4/soft-float/no-interrupts/libnrf_cc310_platform_0.9.18.a(nrf_cc3xx_platform_mutex.c.obj)
 .text.nrf_cc3xx_platform_set_mutexes
                0x0000000000009ec8       0x74 C:/ncs/v2.5.2/nrfxlib/crypto/nrf_cc310_platform/lib/cortex-m4/soft-float/no-interrupts/libnrf_cc310_platform_0.9.18.a(nrf_cc3xx_platform_mutex.c.obj)
                0x0000000000009ec8                nrf_cc3xx_platform_set_mutexes
 .text.CC_LibInitNoRng
                0x0000000000009f3c       0x64 C:/ncs/v2.5.2/nrfxlib/crypto/nrf_cc310_platform/lib/cortex-m4/soft-float/no-interrupts/libnrf_cc310_platform_0.9.18.a(cc_lib.c.obj)
                0x0000000000009f3c                CC_LibInitNoRng
 .text.CC_HalInit
                0x0000000000009fa0        0x4 C:/ncs/v2.5.2/nrfxlib/crypto/nrf_cc310_platform/lib/cortex-m4/soft-float/no-interrupts/libnrf_cc310_platform_0.9.18.a(cc_hal.c.obj)
                0x0000000000009fa0                CC_HalInit
 .text.CC_HalTerminate
                0x0000000000009fa4        0x4 C:/ncs/v2.5.2/nrfxlib/crypto/nrf_cc310_platform/lib/cortex-m4/soft-float/no-interrupts/libnrf_cc310_platform_0.9.18.a(cc_hal.c.obj)
                0x0000000000009fa4                CC_HalTerminate
 .text.CC_HalMaskInterrupt
                0x0000000000009fa8        0xc C:/ncs/v2.5.2/nrfxlib/crypto/nrf_cc310_platform/lib/cortex-m4/soft-float/no-interrupts/libnrf_cc310_platform_0.9.18.a(cc_hal.c.obj)
                0x0000000000009fa8                CC_HalMaskInterrupt
 .text.CC_PalInit
                0x0000000000009fb4       0x5c C:/ncs/v2.5.2/nrfxlib/crypto/nrf_cc310_platform/lib/cortex-m4/soft-float/no-interrupts/libnrf_cc310_platform_0.9.18.a(cc_pal.c.obj)
                0x0000000000009fb4                CC_PalInit
 .text.CC_PalTerminate
                0x000000000000a010       0x34 C:/ncs/v2.5.2/nrfxlib/crypto/nrf_cc310_platform/lib/cortex-m4/soft-float/no-interrupts/libnrf_cc310_platform_0.9.18.a(cc_pal.c.obj)
                0x000000000000a010                CC_PalTerminate
 .text.CC_PalDmaInit
                0x000000000000a044        0x4 C:/ncs/v2.5.2/nrfxlib/crypto/nrf_cc310_platform/lib/cortex-m4/soft-float/no-interrupts/libnrf_cc310_platform_0.9.18.a(cc_pal_dma.c.obj)
                0x000000000000a044                CC_PalDmaInit
 .text.CC_PalDmaTerminate
                0x000000000000a048        0x4 C:/ncs/v2.5.2/nrfxlib/crypto/nrf_cc310_platform/lib/cortex-m4/soft-float/no-interrupts/libnrf_cc310_platform_0.9.18.a(cc_pal_dma.c.obj)
                0x000000000000a048                CC_PalDmaTerminate
 .text.CC_PalMutexCreate
                0x000000000000a04c       0x14 C:/ncs/v2.5.2/nrfxlib/crypto/nrf_cc310_platform/lib/cortex-m4/soft-float/no-interrupts/libnrf_cc310_platform_0.9.18.a(cc_pal_mutex.c.obj)
                0x000000000000a04c                CC_PalMutexCreate
 .text.CC_PalMutexDestroy
                0x000000000000a060       0x14 C:/ncs/v2.5.2/nrfxlib/crypto/nrf_cc310_platform/lib/cortex-m4/soft-float/no-interrupts/libnrf_cc310_platform_0.9.18.a(cc_pal_mutex.c.obj)
                0x000000000000a060                CC_PalMutexDestroy
 .text.CC_PalPowerSaveModeInit
                0x000000000000a074       0x3c C:/ncs/v2.5.2/nrfxlib/crypto/nrf_cc310_platform/lib/cortex-m4/soft-float/no-interrupts/libnrf_cc310_platform_0.9.18.a(cc_pal_pm.c.obj)
                0x000000000000a074                CC_PalPowerSaveModeInit
 .text.CC_PalPowerSaveModeSelect
                0x000000000000a0b0       0x84 C:/ncs/v2.5.2/nrfxlib/crypto/nrf_cc310_platform/lib/cortex-m4/soft-float/no-interrupts/libnrf_cc310_platform_0.9.18.a(cc_pal_pm.c.obj)
                0x000000000000a0b0                CC_PalPowerSaveModeSelect
 .text.snprintf
                0x000000000000a134       0x58 c:\ncs\toolchains\c57af46cb7\opt\zephyr-sdk\arm-zephyr-eabi\bin\../lib/gcc/../../picolibc/arm-zephyr-eabi/lib/thumb/v7e-m/nofp\libc.a(libc_tinystdio_snprintf.c.o)
                0x000000000000a134                snprintf
 .text.__i_vfprintf
                0x000000000000a18c      0x490 c:\ncs\toolchains\c57af46cb7\opt\zephyr-sdk\arm-zephyr-eabi\bin\../lib/gcc/../../picolibc/arm-zephyr-eabi/lib/thumb/v7e-m/nofp\libc.a(libc_tinystdio_vfiprintf.c.o)
                0x000000000000a18c                __i_vfprintf
 .text.z_impl_gpio_pin_configure
                0x000000000000a61c       0x50 app/libapp.a(lora_driver.c.obj)
 .text.gpio_pin_configure_dt
                0x000000000000a66c       0x16 app/libapp.a(lora_driver.c.obj)
 .text.gpio_port_get
                0x000000000000a682       0x18 app/libapp.a(lora_driver.c.obj)
 .text.gpio_pin_get
                0x000000000000a69a       0x20 app/libapp.a(lora_driver.c.obj)
 .text.gpio_pin_set_raw
                0x000000000000a6ba       0x20 app/libapp.a(lora_driver.c.obj)
 .text.gpio_pin_set
                0x000000000000a6da       0x1a app/libapp.a(lora_driver.c.obj)
 .text.k_uptime_get_32
                0x000000000000a6f4       0x34 app/libapp.a(lora_driver.c.obj)
 .text.getMode  0x000000000000a728       0x1e app/libapp.a(lora_driver.c.obj)
                0x000000000000a728                getMode
 .text.sx126x_fixResistanceAntenna
                0x000000000000a746       0x2c app/libapp.a(lora_driver.c.obj)
                0x000000000000a746                sx126x_fixResistanceAntenna
 .text.sx126x_fixRxTimeout
                0x000000000000a772       0x3c app/libapp.a(lora_driver.c.obj)
                0x000000000000a772                sx126x_fixRxTimeout
 .text.sx126x_fixInvertedIq
                0x000000000000a7ae       0x38 app/libapp.a(lora_driver.c.obj)
                0x000000000000a7ae                sx126x_fixInvertedIq
 .text.sx126x_setXtalCap
                0x000000000000a7e6       0x34 app/libapp.a(lora_driver.c.obj)
                0x000000000000a7e6                sx126x_setXtalCap
 .text.sx126x_setTxPower
                0x000000000000a81a       0xae app/libapp.a(lora_driver.c.obj)
                0x000000000000a81a                sx126x_setTxPower
 .text.z_impl_gpio_pin_interrupt_configure
                0x000000000000a8c8       0x28 app/libapp.a(gpio_config.c.obj)
 .text.z_impl_gpio_pin_configure
                0x000000000000a8f0       0x50 app/libapp.a(gpio_config.c.obj)
 .text.gpio_pin_configure_dt
                0x000000000000a940       0x16 app/libapp.a(gpio_config.c.obj)
 .text.cbprintf_via_va_list
                0x000000000000a956        0xe zephyr/libzephyr.a(cbprintf_packaged.c.obj)
 .text.is_fmt_spec
                0x000000000000a964        0xe zephyr/libzephyr.a(cbprintf_packaged.c.obj)
 .text.get_package_len
                0x000000000000a972       0x2a zephyr/libzephyr.a(cbprintf_packaged.c.obj)
 .text.append_string
                0x000000000000a99c       0x2c zephyr/libzephyr.a(cbprintf_packaged.c.obj)
 .text.cbpprintf_external
                0x000000000000a9c8       0x60 zephyr/libzephyr.a(cbprintf_packaged.c.obj)
                0x000000000000a9c8                cbpprintf_external
 .text.is_ptr   0x000000000000aa28       0x4e zephyr/libzephyr.a(cbprintf_packaged.c.obj)
                0x000000000000aa28                is_ptr
 .text.arch_printk_char_out
                0x000000000000aa76        0x4 zephyr/libzephyr.a(printk.c.obj)
                0x000000000000aa76                arch_printk_char_out
 .text.vprintk  0x000000000000aa7a        0x8 zephyr/libzephyr.a(printk.c.obj)
                0x000000000000aa7a                vprintk
 .text.printk   0x000000000000aa82       0x1c zephyr/libzephyr.a(printk.c.obj)
                0x000000000000aa82                printk
 .text.free_list_add_bidx
                0x000000000000aa9e       0x4e zephyr/libzephyr.a(heap.c.obj)
 .text.free_list_add
                0x000000000000aaec       0x18 zephyr/libzephyr.a(heap.c.obj)
 .text.sys_heap_init
                0x000000000000ab04       0x84 zephyr/libzephyr.a(heap.c.obj)
                0x000000000000ab04                sys_heap_init
 .text.set_state
                0x000000000000ab88       0x10 zephyr/libzephyr.a(onoff.c.obj)
 .text.notify_monitors
                0x000000000000ab98       0x44 zephyr/libzephyr.a(onoff.c.obj)
 .text.process_recheck
                0x000000000000abdc       0x32 zephyr/libzephyr.a(onoff.c.obj)
 .text.process_complete
                0x000000000000ac0e       0xa2 zephyr/libzephyr.a(onoff.c.obj)
 .text.validate_args
                0x000000000000acb0       0x2a zephyr/libzephyr.a(onoff.c.obj)
 .text.notify_one
                0x000000000000acda       0x26 zephyr/libzephyr.a(onoff.c.obj)
 .text.notify_all
                0x000000000000ad00       0x2e zephyr/libzephyr.a(onoff.c.obj)
 .text.transition_complete
                0x000000000000ad2e       0x1c zephyr/libzephyr.a(onoff.c.obj)
 .text.onoff_manager_init
                0x000000000000ad4a       0x3a zephyr/libzephyr.a(onoff.c.obj)
                0x000000000000ad4a                onoff_manager_init
 .text.onoff_request
                0x000000000000ad84       0xc2 zephyr/libzephyr.a(onoff.c.obj)
                0x000000000000ad84                onoff_request
 .text.sys_notify_validate
                0x000000000000ae46       0x2e zephyr/libzephyr.a(notify.c.obj)
                0x000000000000ae46                sys_notify_validate
 .text.sys_notify_finalize
                0x000000000000ae74       0x1a zephyr/libzephyr.a(notify.c.obj)
                0x000000000000ae74                sys_notify_finalize
 .text.free_space
                0x000000000000ae8e       0x28 zephyr/libzephyr.a(mpsc_pbuf.c.obj)
 .text.available
                0x000000000000aeb6       0x24 zephyr/libzephyr.a(mpsc_pbuf.c.obj)
 .text.get_usage
                0x000000000000aeda       0x24 zephyr/libzephyr.a(mpsc_pbuf.c.obj)
 .text.max_utilization_update
                0x000000000000aefe       0x26 zephyr/libzephyr.a(mpsc_pbuf.c.obj)
 .text.rd_idx_inc
                0x000000000000af24       0x26 zephyr/libzephyr.a(mpsc_pbuf.c.obj)
 .text.add_skip_item
                0x000000000000af4a       0x66 zephyr/libzephyr.a(mpsc_pbuf.c.obj)
 .text.drop_item_locked
                0x000000000000afb0      0x12a zephyr/libzephyr.a(mpsc_pbuf.c.obj)
 .text.post_drop_action
                0x000000000000b0da       0x62 zephyr/libzephyr.a(mpsc_pbuf.c.obj)
 .text.mpsc_pbuf_init
                0x000000000000b13c       0x42 zephyr/libzephyr.a(mpsc_pbuf.c.obj)
                0x000000000000b13c                mpsc_pbuf_init
 .text.mpsc_pbuf_alloc
                0x000000000000b17e      0x134 zephyr/libzephyr.a(mpsc_pbuf.c.obj)
                0x000000000000b17e                mpsc_pbuf_alloc
 .text.mpsc_pbuf_commit
                0x000000000000b2b2       0x52 zephyr/libzephyr.a(mpsc_pbuf.c.obj)
                0x000000000000b2b2                mpsc_pbuf_commit
 .text.mpsc_pbuf_claim
                0x000000000000b304       0xd2 zephyr/libzephyr.a(mpsc_pbuf.c.obj)
                0x000000000000b304                mpsc_pbuf_claim
 .text.mpsc_pbuf_free
                0x000000000000b3d6       0x8a zephyr/libzephyr.a(mpsc_pbuf.c.obj)
                0x000000000000b3d6                mpsc_pbuf_free
 .text.mpsc_pbuf_is_pending
                0x000000000000b460       0x18 zephyr/libzephyr.a(mpsc_pbuf.c.obj)
                0x000000000000b460                mpsc_pbuf_is_pending
 .text._ConfigAbsSyms
                0x000000000000b478        0x2 zephyr/libzephyr.a(configs.c.obj)
                0x000000000000b478                _ConfigAbsSyms
 .text.log_msg_generic_get_wlen
                0x000000000000b47a       0x20 zephyr/libzephyr.a(log_core.c.obj)
 .text.dummy_timestamp
                0x000000000000b49a        0x4 zephyr/libzephyr.a(log_core.c.obj)
 .text.msg_filter_check
                0x000000000000b49e        0x4 zephyr/libzephyr.a(log_core.c.obj)
 .text.default_get_timestamp
                0x000000000000b4a2        0x8 zephyr/libzephyr.a(log_core.c.obj)
 .text.k_msleep
                0x000000000000b4aa       0x2c zephyr/libzephyr.a(log_core.c.obj)
 .text.msg_alloc
                0x000000000000b4d6        0xc zephyr/libzephyr.a(log_core.c.obj)
 .text.msg_free
                0x000000000000b4e2        0x8 zephyr/libzephyr.a(log_core.c.obj)
 .text.msg_pending
                0x000000000000b4ea        0x8 zephyr/libzephyr.a(log_core.c.obj)
 .text.z_log_vprintk
                0x000000000000b4f2       0x1e zephyr/libzephyr.a(log_core.c.obj)
                0x000000000000b4f2                z_log_vprintk
 .text.z_log_notify_drop
                0x000000000000b510        0xa zephyr/libzephyr.a(log_core.c.obj)
 .text.z_log_msg_claim
                0x000000000000b51a        0x8 zephyr/libzephyr.a(log_core.c.obj)
                0x000000000000b51a                z_log_msg_claim
 .text.msg_commit
                0x000000000000b522        0xc zephyr/libzephyr.a(log_core.c.obj)
 .text.z_log_get_tag
                0x000000000000b52e        0x4 zephyr/libzephyr.a(log_core.c.obj)
                0x000000000000b52e                z_log_get_tag
 .text.z_cbprintf_cpy
                0x000000000000b532       0x2c zephyr/libzephyr.a(log_msg.c.obj)
 .text.z_log_msg_finalize
                0x000000000000b55e       0x2e zephyr/libzephyr.a(log_msg.c.obj)
                0x000000000000b55e                z_log_msg_finalize
 .text.z_log_msg_static_create
                0x000000000000b58c        0x8 zephyr/libzephyr.a(log_msg.c.obj)
 .text.z_impl_z_log_msg_runtime_vcreate
                0x000000000000b594       0x84 zephyr/libzephyr.a(log_msg.c.obj)
                0x000000000000b594                z_impl_z_log_msg_runtime_vcreate
 .text.buffer_write
                0x000000000000b618       0x1a zephyr/libzephyr.a(log_output.c.obj)
 .text.color_prefix
                0x000000000000b632        0xc zephyr/libzephyr.a(log_output.c.obj)
 .text.color_postfix
                0x000000000000b63e        0xc zephyr/libzephyr.a(log_output.c.obj)
 .text.postfix_print
                0x000000000000b64a       0x18 zephyr/libzephyr.a(log_output.c.obj)
 .text.log_msg_hexdump
                0x000000000000b662       0x36 zephyr/libzephyr.a(log_output.c.obj)
 .text.log_output_flush
                0x000000000000b698       0x1a zephyr/libzephyr.a(log_output.c.obj)
                0x000000000000b698                log_output_flush
 .text.out_func
                0x000000000000b6b2       0x38 zephyr/libzephyr.a(log_output.c.obj)
 .text.cr_out_func
                0x000000000000b6ea       0x1e zephyr/libzephyr.a(log_output.c.obj)
 .text.k_msleep
                0x000000000000b708       0x2c zephyr/libzephyr.a(log_backend_rtt.c.obj)
 .text.log_backend_uart_init
                0x000000000000b734        0x2 zephyr/libzephyr.a(log_backend_uart.c.obj)
 .text.abort_function
                0x000000000000b736        0x8 zephyr/libzephyr.a(nrf_cc3xx_platform_abort_zephyr.c.obj)
 .text.z_arm_fatal_error
                0x000000000000b73e       0x18 zephyr/arch/arch/arm/core/aarch32/libarch__arm__core__aarch32.a(fatal.c.obj)
                0x000000000000b73e                z_arm_fatal_error
 .text.z_do_kernel_oops
                0x000000000000b756        0xc zephyr/arch/arch/arm/core/aarch32/libarch__arm__core__aarch32.a(fatal.c.obj)
                0x000000000000b756                z_do_kernel_oops
 .text.arch_irq_enable
                0x000000000000b762        0xa zephyr/arch/arch/arm/core/aarch32/libarch__arm__core__aarch32.a(irq_manage.c.obj)
                0x000000000000b762                arch_irq_enable
 .text.arch_irq_disable
                0x000000000000b76c        0xa zephyr/arch/arch/arm/core/aarch32/libarch__arm__core__aarch32.a(irq_manage.c.obj)
                0x000000000000b76c                arch_irq_disable
 .text.z_arm_irq_priority_set
                0x000000000000b776        0xc zephyr/arch/arch/arm/core/aarch32/libarch__arm__core__aarch32.a(irq_manage.c.obj)
                0x000000000000b776                z_arm_irq_priority_set
 .text.z_irq_spurious
                0x000000000000b782        0xc zephyr/arch/arch/arm/core/aarch32/libarch__arm__core__aarch32.a(irq_manage.c.obj)
                0x000000000000b782                z_irq_spurious
 .text.z_arm_nmi
                0x000000000000b78e        0xc zephyr/arch/arch/arm/core/aarch32/libarch__arm__core__aarch32.a(nmi.c.obj)
                0x000000000000b78e                z_arm_nmi
 .text.memory_fault_recoverable
                0x000000000000b79a        0x4 zephyr/arch/arch/arm/core/aarch32/cortex_m/libarch__arm__core__aarch32__cortex_m.a(fault.c.obj)
 .text.fault_handle
                0x000000000000b79e       0x4a zephyr/arch/arch/arm/core/aarch32/cortex_m/libarch__arm__core__aarch32__cortex_m.a(fault.c.obj)
 .text.sys_arch_reboot
                0x000000000000b7e8        0x6 zephyr/arch/arch/arm/core/aarch32/cortex_m/libarch__arm__core__aarch32__cortex_m.a(scb.c.obj)
                0x000000000000b7e8                sys_arch_reboot
 .text.mpu_partition_is_valid
                0x000000000000b7ee       0x22 zephyr/arch/arch/arm/core/aarch32/mpu/libarch__arm__core__aarch32__mpu.a(arm_mpu.c.obj)
 .text.mpu_configure_region
                0x000000000000b810       0x3e zephyr/arch/arch/arm/core/aarch32/mpu/libarch__arm__core__aarch32__mpu.a(arm_mpu.c.obj)
 .text.arm_core_mpu_configure_static_mpu_regions
                0x000000000000b84e        0x8 zephyr/arch/arch/arm/core/aarch32/mpu/libarch__arm__core__aarch32__mpu.a(arm_mpu.c.obj)
                0x000000000000b84e                arm_core_mpu_configure_static_mpu_regions
 .text.arm_core_mpu_configure_dynamic_mpu_regions
                0x000000000000b856        0x8 zephyr/arch/arch/arm/core/aarch32/mpu/libarch__arm__core__aarch32__mpu.a(arm_mpu.c.obj)
                0x000000000000b856                arm_core_mpu_configure_dynamic_mpu_regions
 .text.cbputc   0x000000000000b85e        0xc zephyr/lib/libc/picolibc/liblib__libc__picolibc.a(libc-hooks.c.obj)
 .text.picolibc_put
                0x000000000000b86a        0xa zephyr/lib/libc/picolibc/liblib__libc__picolibc.a(libc-hooks.c.obj)
 .text.nrf52_errata_197
                0x000000000000b874       0x20 zephyr/soc/soc/arm/nordic_nrf/nrf52/libsoc__arm__nordic_nrf__nrf52.a(soc.c.obj)
 .text.nrf_clock_is_running
                0x000000000000b894       0x38 zephyr/drivers/clock_control/libdrivers__clock_control.a(clock_control_nrf.c.obj)
 .text.get_sub_data
                0x000000000000b8cc        0xe zephyr/drivers/clock_control/libdrivers__clock_control.a(clock_control_nrf.c.obj)
 .text.get_sub_config
                0x000000000000b8da        0xc zephyr/drivers/clock_control/libdrivers__clock_control.a(clock_control_nrf.c.obj)
 .text.get_onoff_manager
                0x000000000000b8e6        0xc zephyr/drivers/clock_control/libdrivers__clock_control.a(clock_control_nrf.c.obj)
 .text.get_status
                0x000000000000b8f2       0x10 zephyr/drivers/clock_control/libdrivers__clock_control.a(clock_control_nrf.c.obj)
 .text.set_off_state
                0x000000000000b902       0x32 zephyr/drivers/clock_control/libdrivers__clock_control.a(clock_control_nrf.c.obj)
 .text.set_starting_state
                0x000000000000b934       0x3c zephyr/drivers/clock_control/libdrivers__clock_control.a(clock_control_nrf.c.obj)
 .text.set_on_state
                0x000000000000b970       0x26 zephyr/drivers/clock_control/libdrivers__clock_control.a(clock_control_nrf.c.obj)
 .text.clkstarted_handle
                0x000000000000b996       0x24 zephyr/drivers/clock_control/libdrivers__clock_control.a(clock_control_nrf.c.obj)
 .text.stop     0x000000000000b9ba       0x2a zephyr/drivers/clock_control/libdrivers__clock_control.a(clock_control_nrf.c.obj)
 .text.api_stop
                0x000000000000b9e4        0xa zephyr/drivers/clock_control/libdrivers__clock_control.a(clock_control_nrf.c.obj)
 .text.async_start
                0x000000000000b9ee       0x38 zephyr/drivers/clock_control/libdrivers__clock_control.a(clock_control_nrf.c.obj)
 .text.api_start
                0x000000000000ba26       0x10 zephyr/drivers/clock_control/libdrivers__clock_control.a(clock_control_nrf.c.obj)
 .text.onoff_started_callback
                0x000000000000ba36       0x10 zephyr/drivers/clock_control/libdrivers__clock_control.a(clock_control_nrf.c.obj)
 .text.hfclk_start
                0x000000000000ba46        0xa zephyr/drivers/clock_control/libdrivers__clock_control.a(clock_control_nrf.c.obj)
 .text.lfclk_start
                0x000000000000ba50        0xa zephyr/drivers/clock_control/libdrivers__clock_control.a(clock_control_nrf.c.obj)
 .text.hfclk_stop
                0x000000000000ba5a        0xa zephyr/drivers/clock_control/libdrivers__clock_control.a(clock_control_nrf.c.obj)
 .text.lfclk_stop
                0x000000000000ba64        0xa zephyr/drivers/clock_control/libdrivers__clock_control.a(clock_control_nrf.c.obj)
 .text.k_msleep
                0x000000000000ba6e       0x2c zephyr/drivers/clock_control/libdrivers__clock_control.a(clock_control_nrf.c.obj)
 .text.blocking_start_callback
                0x000000000000ba9a        0xa zephyr/drivers/clock_control/libdrivers__clock_control.a(clock_control_nrf.c.obj)
 .text.sys_slist_remove
                0x000000000000baa4       0x26 zephyr/drivers/gpio/libdrivers__gpio.a(gpio_nrfx.c.obj)
 .text.sys_slist_find_and_remove
                0x000000000000baca       0x20 zephyr/drivers/gpio/libdrivers__gpio.a(gpio_nrfx.c.obj)
 .text.gpio_manage_callback
                0x000000000000baea       0x3e zephyr/drivers/gpio/libdrivers__gpio.a(gpio_nrfx.c.obj)
 .text.gpio_fire_callbacks
                0x000000000000bb28       0x40 zephyr/drivers/gpio/libdrivers__gpio.a(gpio_nrfx.c.obj)
 .text.get_drive
                0x000000000000bb68       0x86 zephyr/drivers/gpio/libdrivers__gpio.a(gpio_nrfx.c.obj)
 .text.get_pull
                0x000000000000bbee       0x18 zephyr/drivers/gpio/libdrivers__gpio.a(gpio_nrfx.c.obj)
 .text.gpio_nrfx_port_get_raw
                0x000000000000bc06        0xe zephyr/drivers/gpio/libdrivers__gpio.a(gpio_nrfx.c.obj)
 .text.gpio_nrfx_port_set_masked_raw
                0x000000000000bc14       0x18 zephyr/drivers/gpio/libdrivers__gpio.a(gpio_nrfx.c.obj)
 .text.gpio_nrfx_port_set_bits_raw
                0x000000000000bc2c        0xc zephyr/drivers/gpio/libdrivers__gpio.a(gpio_nrfx.c.obj)
 .text.gpio_nrfx_port_clear_bits_raw
                0x000000000000bc38        0xc zephyr/drivers/gpio/libdrivers__gpio.a(gpio_nrfx.c.obj)
 .text.gpio_nrfx_port_toggle_bits
                0x000000000000bc44       0x1a zephyr/drivers/gpio/libdrivers__gpio.a(gpio_nrfx.c.obj)
 .text.get_trigger
                0x000000000000bc5e       0x2c zephyr/drivers/gpio/libdrivers__gpio.a(gpio_nrfx.c.obj)
 .text.gpio_nrfx_manage_callback
                0x000000000000bc8a        0xc zephyr/drivers/gpio/libdrivers__gpio.a(gpio_nrfx.c.obj)
 .text.nrfx_gpio_handler
                0x000000000000bc96       0x1e zephyr/drivers/gpio/libdrivers__gpio.a(gpio_nrfx.c.obj)
 .text.pinctrl_lookup_state
                0x000000000000bcb4       0x32 zephyr/drivers/pinctrl/libdrivers__pinctrl.a(common.c.obj)
                0x000000000000bcb4                pinctrl_lookup_state
 .text.nrf_gpio_pin_write
                0x000000000000bce6       0x10 zephyr/drivers/pinctrl/libdrivers__pinctrl.a(pinctrl_nrf.c.obj)
 .text.endtx_isr
                0x000000000000bcf6       0x32 zephyr/drivers/serial/libdrivers__serial.a(uart_nrfx_uarte.c.obj)
 .text.uarte_nrfx_isr_int
                0x000000000000bd28       0x52 zephyr/drivers/serial/libdrivers__serial.a(uart_nrfx_uarte.c.obj)
 .text.uarte_nrfx_configure
                0x000000000000bd7a       0xa6 zephyr/drivers/serial/libdrivers__serial.a(uart_nrfx_uarte.c.obj)
 .text.uarte_nrfx_config_get
                0x000000000000be20       0x12 zephyr/drivers/serial/libdrivers__serial.a(uart_nrfx_uarte.c.obj)
 .text.uarte_nrfx_err_check
                0x000000000000be32        0xe zephyr/drivers/serial/libdrivers__serial.a(uart_nrfx_uarte.c.obj)
 .text.is_tx_ready
                0x000000000000be40       0x28 zephyr/drivers/serial/libdrivers__serial.a(uart_nrfx_uarte.c.obj)
 .text.uarte_enable
                0x000000000000be68        0xc zephyr/drivers/serial/libdrivers__serial.a(uart_nrfx_uarte.c.obj)
 .text.tx_start
                0x000000000000be74       0x3e zephyr/drivers/serial/libdrivers__serial.a(uart_nrfx_uarte.c.obj)
 .text.uarte_nrfx_poll_in
                0x000000000000beb2       0x2c zephyr/drivers/serial/libdrivers__serial.a(uart_nrfx_uarte.c.obj)
 .text.k_msleep
                0x000000000000bede       0x2c zephyr/drivers/serial/libdrivers__serial.a(uart_nrfx_uarte.c.obj)
 .text.wait_tx_ready
                0x000000000000bf0a       0x4c zephyr/drivers/serial/libdrivers__serial.a(uart_nrfx_uarte.c.obj)
 .text.pinctrl_apply_state
                0x000000000000bf56       0x20 zephyr/drivers/serial/libdrivers__serial.a(uart_nrfx_uarte.c.obj)
 .text.uarte_instance_init
                0x000000000000bf76       0xa4 zephyr/drivers/serial/libdrivers__serial.a(uart_nrfx_uarte.c.obj)
 .text.uarte_0_init
                0x000000000000c01a       0x1e zephyr/drivers/serial/libdrivers__serial.a(uart_nrfx_uarte.c.obj)
 .text.z_impl_gpio_pin_configure
                0x000000000000c038       0x50 zephyr/drivers/spi/libdrivers__spi.a(spi_nrfx_spim.c.obj)
 .text.gpio_pin_configure_dt
                0x000000000000c088       0x16 zephyr/drivers/spi/libdrivers__spi.a(spi_nrfx_spim.c.obj)
 .text.gpio_pin_set_raw
                0x000000000000c09e       0x20 zephyr/drivers/spi/libdrivers__spi.a(spi_nrfx_spim.c.obj)
 .text.gpio_pin_set
                0x000000000000c0be       0x1a zephyr/drivers/spi/libdrivers__spi.a(spi_nrfx_spim.c.obj)
 .text.nrf_gpio_pin_write
                0x000000000000c0d8       0x10 zephyr/drivers/spi/libdrivers__spi.a(spi_nrfx_spim.c.obj)
 .text.spi_context_get_next_buf
                0x000000000000c0e8       0x2e zephyr/drivers/spi/libdrivers__spi.a(spi_nrfx_spim.c.obj)
 .text.spi_context_buffers_setup
                0x000000000000c116       0x60 zephyr/drivers/spi/libdrivers__spi.a(spi_nrfx_spim.c.obj)
 .text._spi_context_cs_control
                0x000000000000c176       0x40 zephyr/drivers/spi/libdrivers__spi.a(spi_nrfx_spim.c.obj)
 .text.spi_context_unlock_unconditionally
                0x000000000000c1b6       0x1e zephyr/drivers/spi/libdrivers__spi.a(spi_nrfx_spim.c.obj)
 .text.spi_nrfx_release
                0x000000000000c1d4       0x24 zephyr/drivers/spi/libdrivers__spi.a(spi_nrfx_spim.c.obj)
 .text.finish_transaction
                0x000000000000c1f8       0x22 zephyr/drivers/spi/libdrivers__spi.a(spi_nrfx_spim.c.obj)
 .text.spi_context_release
                0x000000000000c21a       0x1a zephyr/drivers/spi/libdrivers__spi.a(spi_nrfx_spim.c.obj)
 .text.spi_context_lock
                0x000000000000c234       0x2c zephyr/drivers/spi/libdrivers__spi.a(spi_nrfx_spim.c.obj)
 .text.spi_nrfx_transceive
                0x000000000000c260       0x14 zephyr/drivers/spi/libdrivers__spi.a(spi_nrfx_spim.c.obj)
 .text.irq_connect3
                0x000000000000c274        0xe zephyr/drivers/spi/libdrivers__spi.a(spi_nrfx_spim.c.obj)
 .text.pinctrl_apply_state
                0x000000000000c282       0x20 zephyr/drivers/spi/libdrivers__spi.a(spi_nrfx_spim.c.obj)
 .text.nrf_gpio_cfg_input
                0x000000000000c2a2       0x18 zephyr/drivers/spi/libdrivers__spi.a(spi_nrfx_common.c.obj)
 .text.spi_nrfx_wake_request
                0x000000000000c2ba       0x50 zephyr/drivers/spi/libdrivers__spi.a(spi_nrfx_common.c.obj)
                0x000000000000c2ba                spi_nrfx_wake_request
 .text.counter_sub
                0x000000000000c30a        0x8 zephyr/drivers/timer/libdrivers__timer.a(nrf_rtc_timer.c.obj)
 .text.event_check
                0x000000000000c312       0x1a zephyr/drivers/timer/libdrivers__timer.a(nrf_rtc_timer.c.obj)
 .text.event_clear
                0x000000000000c32c       0x18 zephyr/drivers/timer/libdrivers__timer.a(nrf_rtc_timer.c.obj)
 .text.absolute_time_to_cc
                0x000000000000c344        0x6 zephyr/drivers/timer/libdrivers__timer.a(nrf_rtc_timer.c.obj)
 .text.full_int_lock
                0x000000000000c34a       0x12 zephyr/drivers/timer/libdrivers__timer.a(nrf_rtc_timer.c.obj)
 .text.full_int_unlock
                0x000000000000c35c        0xa zephyr/drivers/timer/libdrivers__timer.a(nrf_rtc_timer.c.obj)
 .text.compare_set
                0x000000000000c366       0x38 zephyr/drivers/timer/libdrivers__timer.a(nrf_rtc_timer.c.obj)
 .text.sys_clock_cycle_get_32
                0x000000000000c39e        0x8 zephyr/drivers/timer/libdrivers__timer.a(nrf_rtc_timer.c.obj)
                0x000000000000c39e                sys_clock_cycle_get_32
 .text.hw_cc3xx_init_internal
                0x000000000000c3a6        0x8 modules/nrf/drivers/hw_cc310/lib..__nrf__drivers__hw_cc310.a(hw_cc310.c.obj)
 .text.hw_cc3xx_init
                0x000000000000c3ae       0x10 modules/nrf/drivers/hw_cc310/lib..__nrf__drivers__hw_cc310.a(hw_cc310.c.obj)
 .text.nrf52_errata_36
                0x000000000000c3be       0x14 modules/hal_nordic/nrfx/libmodules__hal_nordic__nrfx.a(system_nrf52840.c.obj)
 .text.nrf52_errata_66
                0x000000000000c3d2       0x14 modules/hal_nordic/nrfx/libmodules__hal_nordic__nrfx.a(system_nrf52840.c.obj)
 .text.nrf52_errata_98
                0x000000000000c3e6       0x26 modules/hal_nordic/nrfx/libmodules__hal_nordic__nrfx.a(system_nrf52840.c.obj)
 .text.nrf52_errata_103
                0x000000000000c40c       0x26 modules/hal_nordic/nrfx/libmodules__hal_nordic__nrfx.a(system_nrf52840.c.obj)
 .text.nrf52_errata_115
                0x000000000000c432       0x26 modules/hal_nordic/nrfx/libmodules__hal_nordic__nrfx.a(system_nrf52840.c.obj)
 .text.nrf52_errata_120
                0x000000000000c458       0x26 modules/hal_nordic/nrfx/libmodules__hal_nordic__nrfx.a(system_nrf52840.c.obj)
 .text.nrf52_errata_136
                0x000000000000c47e       0x14 modules/hal_nordic/nrfx/libmodules__hal_nordic__nrfx.a(system_nrf52840.c.obj)
 .text.nrf52_configuration_249
                0x000000000000c492       0x20 modules/hal_nordic/nrfx/libmodules__hal_nordic__nrfx.a(system_nrf52840.c.obj)
 .text.nrf52_handle_approtect
                0x000000000000c4b2       0x1a modules/hal_nordic/nrfx/libmodules__hal_nordic__nrfx.a(system_nrf52840.c.obj)
 .text.nrfx_isr
                0x000000000000c4cc        0x6 modules/hal_nordic/nrfx/libmodules__hal_nordic__nrfx.a(nrfx_glue.c.obj)
                0x000000000000c4cc                nrfx_isr
 .text.nrfx_busy_wait
                0x000000000000c4d2        0x8 modules/hal_nordic/nrfx/libmodules__hal_nordic__nrfx.a(nrfx_glue.c.obj)
                0x000000000000c4d2                nrfx_busy_wait
 .text.nrf_clock_is_running